This is pdfTeX, Version 3.141592653-2.6-1.40.28 (MiKTeX 25.12) (preloaded format=pdflatex 2026.1.21)  18 FEB 2026 12:18
entering extended mode
 restricted \write18 enabled.
 %&-line parsing enabled.
**./main.tex
(main.tex
LaTeX2e <2025-11-01>
L3 programming layer <2025-12-24>
(C:\Users\GiacomoGolino\AppData\Local\Programs\MiKTeX\tex/latex/base\book.cls
Document Class: book 2025/01/22 v1.4n Standard LaTeX document class
(C:\Users\GiacomoGolino\AppData\Local\Programs\MiKTeX\tex/latex/base\bk12.clo
File: bk12.clo 2025/01/22 v1.4n Standard LaTeX file (size option)
)
\c@part=\count275
\c@chapter=\count276
\c@section=\count277
\c@subsection=\count278
\c@subsubsection=\count279
\c@paragraph=\count280
\c@subparagraph=\count281
\c@figure=\count282
\c@table=\count283
\abovecaptionskip=\skip49
\belowcaptionskip=\skip50
\bibindent=\dimen148
)
(C:\Users\GiacomoGolino\AppData\Local\Programs\MiKTeX\tex/latex/base\inputenc.s
ty
Package: inputenc 2024/02/08 v1.3d Input encoding file
\inpenc@prehook=\toks17
\inpenc@posthook=\toks18
)
(C:\Users\GiacomoGolino\AppData\Local\Programs\MiKTeX\tex/latex/base\fontenc.st
y
Package: fontenc 2025/07/18 v2.1d Standard LaTeX package
)
(C:\Users\GiacomoGolino\AppData\Local\Programs\MiKTeX\tex/generic/babel\babel.s
ty
Package: babel 2025/12/11 v25.17 The multilingual framework for LuaLaTeX, pdfLa
TeX and XeLaTeX
\babel@savecnt=\count284
LaTeX Encoding Info:    Redeclaring text command \ij (encoding OT1) on input li
ne 2068.
LaTeX Encoding Info:    Redeclaring text command \IJ (encoding OT1) on input li
ne 2070.
LaTeX Encoding Info:    Redeclaring text command \ij (encoding T1) on input lin
e 2072.
LaTeX Encoding Info:    Redeclaring text command \IJ (encoding T1) on input lin
e 2073.
LaTeX Encoding Info:    Ignoring declaration for text command \ij (encoding ?) 
on input line 2074.
LaTeX Encoding Info:    Ignoring declaration for text command \IJ (encoding ?) 
on input line 2076.
LaTeX Encoding Info:    Ignoring declaration for text command \SS (encoding ?) 
on input line 2101.
\U@D=\dimen149
\l@unhyphenated=\language79

(C:\Users\GiacomoGolino\AppData\Local\Programs\MiKTeX\tex/generic/babel\txtbabe
l.def)
\bbl@readstream=\read2
\bbl@dirlevel=\count285
Package babel Info: Configuration files are deprecated, as
(babel)             they can break document portability.
(babel)             Reported on input line 4196.

*************************************
* Local config file bblopts.cfg used
*

(C:\Users\GiacomoGolino\AppData\Local\Programs\MiKTeX\tex/latex/arabi\bblopts.c
fg
File: bblopts.cfg 2005/09/08 v0.1 add Arabic and Farsi to "declared" options of
 babel
)
(C:\Users\GiacomoGolino\AppData\Local\Programs\MiKTeX\tex/generic/babel/locale/
it\babel-italian.tex)
Package babel Info: Importing font and identification data for italian
(babel)             from babel-it.ini. Reported on input line 4320.

(C:\Users\GiacomoGolino\AppData\Local\Programs\MiKTeX\tex/latex/babel-italian\i
talian.ldf
Language: italian 2026/01/13 v.1.5.02 Italian support for the babel system
\it@lettering=\count286
\it@doublequoteactive=\count287
\it@ISOcompliance=\count288
))
(C:\Users\GiacomoGolino\AppData\Local\Programs\MiKTeX\tex/latex/etoolbox\etoolb
ox.sty
Package: etoolbox 2025/10/02 v2.5m e-TeX tools for LaTeX (JAW)
\etb@tempcnta=\count289
)
(C:\Users\GiacomoGolino\AppData\Local\Programs\MiKTeX\tex/latex/csquotes\csquot
es.sty
Package: csquotes 2024-04-04 v5.2o context-sensitive quotations (JAW)

(C:\Users\GiacomoGolino\AppData\Local\Programs\MiKTeX\tex/latex/graphics\keyval
.sty
Package: keyval 2022/05/29 v1.15 key=value parser (DPC)
\KV@toks@=\toks19
)
\csq@reset=\count290
\csq@gtype=\count291
\csq@glevel=\count292
\csq@qlevel=\count293
\csq@maxlvl=\count294
\csq@tshold=\count295
\csq@ltx@everypar=\toks20

(C:\Users\GiacomoGolino\AppData\Local\Programs\MiKTeX\tex/latex/csquotes\csquot
es.def
File: csquotes.def 2024-04-04 v5.2o csquotes generic definitions (JAW)
)
Package csquotes Info: Trying to load configuration file 'csquotes.cfg'...
Package csquotes Info: ... configuration file loaded successfully.

(C:\Users\GiacomoGolino\AppData\Local\Programs\MiKTeX\tex/latex/csquotes\csquot
es.cfg
File: csquotes.cfg 
))
(C:\Users\GiacomoGolino\AppData\Local\Programs\MiKTeX\tex/latex/geometry\geomet
ry.sty
Package: geometry 2020/01/02 v5.9 Page Geometry

(C:\Users\GiacomoGolino\AppData\Local\Programs\MiKTeX\tex/generic/iftex\ifvtex.
sty
Package: ifvtex 2019/10/25 v1.7 ifvtex legacy package. Use iftex instead.

(C:\Users\GiacomoGolino\AppData\Local\Programs\MiKTeX\tex/generic/iftex\iftex.s
ty
Package: iftex 2024/12/12 v1.0g TeX engine tests
))
\Gm@cnth=\count296
\Gm@cntv=\count297
\c@Gm@tempcnt=\count298
\Gm@bindingoffset=\dimen150
\Gm@wd@mp=\dimen151
\Gm@odd@mp=\dimen152
\Gm@even@mp=\dimen153
\Gm@layoutwidth=\dimen154
\Gm@layoutheight=\dimen155
\Gm@layouthoffset=\dimen156
\Gm@layoutvoffset=\dimen157
\Gm@dimlist=\toks21

(C:\Users\GiacomoGolino\AppData\Local\Programs\MiKTeX\tex/latex/geometry\geomet
ry.cfg))
(C:\Users\GiacomoGolino\AppData\Local\Programs\MiKTeX\tex/latex/fancyhdr\fancyh
dr.sty
Package: fancyhdr 2025/02/07 v5.2 Extensive control of page headers and footers

\f@nch@headwidth=\skip51
\f@nch@offset@elh=\skip52
\f@nch@offset@erh=\skip53
\f@nch@offset@olh=\skip54
\f@nch@offset@orh=\skip55
\f@nch@offset@elf=\skip56
\f@nch@offset@erf=\skip57
\f@nch@offset@olf=\skip58
\f@nch@offset@orf=\skip59
\f@nch@height=\skip60
\f@nch@footalignment=\skip61
\f@nch@widthL=\skip62
\f@nch@widthC=\skip63
\f@nch@widthR=\skip64
\@temptokenb=\toks22
)
(C:\Users\GiacomoGolino\AppData\Local\Programs\MiKTeX\tex/latex/enumitem\enumit
em.sty
Package: enumitem 2025/02/06 v3.11 Customized lists
\labelindent=\skip65
\enit@outerparindent=\dimen158
\enit@toks=\toks23
\enit@inbox=\box53
\enit@count@id=\count299
\enitdp@description=\count300
)
(C:\Users\GiacomoGolino\AppData\Local\Programs\MiKTeX\tex/latex/siunitx\siunitx
.sty
Package: siunitx 2025-07-09 v3.4.14 A comprehensive (SI) units package
\l__siunitx_number_uncert_offset_int=\count301
\l__siunitx_number_exponent_fixed_int=\count302
\l__siunitx_number_min_decimal_int=\count303
\l__siunitx_number_min_integer_int=\count304
\l__siunitx_number_round_precision_int=\count305
\l__siunitx_number_lower_threshold_int=\count306
\l__siunitx_number_upper_threshold_int=\count307
\l__siunitx_number_group_first_int=\count308
\l__siunitx_number_group_size_int=\count309
\l__siunitx_number_group_minimum_int=\count310
\l__siunitx_angle_tmp_dim=\dimen159
\l__siunitx_angle_marker_box=\box54
\l__siunitx_angle_unit_box=\box55
\l__siunitx_compound_count_int=\count311

(C:\Users\GiacomoGolino\AppData\Local\Programs\MiKTeX\tex/latex/translations\tr
anslations.sty
Package: translations 2022/02/05 v1.12 internationalization of LaTeX2e packages
 (CN)

(C:\Users\GiacomoGolino\AppData\Local\Programs\MiKTeX\tex/generic/pdftexcmds\pd
ftexcmds.sty
Package: pdftexcmds 2020-06-27 v0.33 Utility functions of pdfTeX for LuaTeX (HO
)

(C:\Users\GiacomoGolino\AppData\Local\Programs\MiKTeX\tex/generic/infwarerr\inf
warerr.sty
Package: infwarerr 2019/12/03 v1.5 Providing info/warning/error messages (HO)
)
(C:\Users\GiacomoGolino\AppData\Local\Programs\MiKTeX\tex/generic/ltxcmds\ltxcm
ds.sty
Package: ltxcmds 2023-12-04 v1.26 LaTeX kernel commands for general use (HO)
)
Package pdftexcmds Info: \pdf@primitive is available.
Package pdftexcmds Info: \pdf@ifprimitive is available.
Package pdftexcmds Info: \pdfdraftmode found.
))
(C:\Users\GiacomoGolino\AppData\Local\Programs\MiKTeX\tex/latex/amsmath\amstext
.sty
Package: amstext 2024/11/17 v2.01 AMS text

(C:\Users\GiacomoGolino\AppData\Local\Programs\MiKTeX\tex/latex/amsmath\amsgen.
sty
File: amsgen.sty 1999/11/30 v2.0 generic functions
\@emptytoks=\toks24
\ex@=\dimen160
))
\l__siunitx_table_tmp_box=\box56
\l__siunitx_table_tmp_dim=\dimen161
\l__siunitx_table_column_width_dim=\dimen162
\l__siunitx_table_integer_box=\box57
\l__siunitx_table_decimal_box=\box58
\l__siunitx_table_uncert_box=\box59
\l__siunitx_table_before_box=\box60
\l__siunitx_table_after_box=\box61
\l__siunitx_table_before_dim=\dimen163
\l__siunitx_table_carry_dim=\dimen164
\l__siunitx_unit_tmp_int=\count312
\l__siunitx_unit_position_int=\count313
\l__siunitx_unit_total_int=\count314

(C:\Users\GiacomoGolino\AppData\Local\Programs\MiKTeX\tex/latex/tools\array.sty
Package: array 2025/09/25 v2.6n Tabular extension package (FMi)
\col@sep=\dimen165
\ar@mcellbox=\box62
\extrarowheight=\dimen166
\NC@list=\toks25
\extratabsurround=\skip66
\backup@length=\skip67
\ar@cellbox=\box63
))
(C:\Users\GiacomoGolino\AppData\Local\Programs\MiKTeX\tex/latex/amsmath\amsmath
.sty
Package: amsmath 2025/07/09 v2.17z AMS math features
\@mathmargin=\skip68

For additional information on amsmath, use the `?' option.

(C:\Users\GiacomoGolino\AppData\Local\Programs\MiKTeX\tex/latex/amsmath\amsbsy.
sty
Package: amsbsy 1999/11/29 v1.2d Bold Symbols
\pmbraise@=\dimen167
)
(C:\Users\GiacomoGolino\AppData\Local\Programs\MiKTeX\tex/latex/amsmath\amsopn.
sty
Package: amsopn 2022/04/08 v2.04 operator names
)
\inf@bad=\count315
LaTeX Info: Redefining \frac on input line 233.
\uproot@=\count316
\leftroot@=\count317
LaTeX Info: Redefining \overline on input line 398.
LaTeX Info: Redefining \colon on input line 409.
\classnum@=\count318
\DOTSCASE@=\count319
LaTeX Info: Redefining \ldots on input line 495.
LaTeX Info: Redefining \dots on input line 498.
LaTeX Info: Redefining \cdots on input line 619.
\Mathstrutbox@=\box64
\strutbox@=\box65
LaTeX Info: Redefining \big on input line 721.
LaTeX Info: Redefining \Big on input line 722.
LaTeX Info: Redefining \bigg on input line 723.
LaTeX Info: Redefining \Bigg on input line 724.
\big@size=\dimen168
LaTeX Font Info:    Redeclaring font encoding OML on input line 742.
LaTeX Font Info:    Redeclaring font encoding OMS on input line 743.
\macc@depth=\count320
LaTeX Info: Redefining \bmod on input line 904.
LaTeX Info: Redefining \pmod on input line 909.
LaTeX Info: Redefining \smash on input line 939.
LaTeX Info: Redefining \relbar on input line 969.
LaTeX Info: Redefining \Relbar on input line 970.
\c@MaxMatrixCols=\count321
\dotsspace@=\muskip17
\c@parentequation=\count322
\dspbrk@lvl=\count323
\tag@help=\toks26
\row@=\count324
\column@=\count325
\maxfields@=\count326
\andhelp@=\toks27
\eqnshift@=\dimen169
\alignsep@=\dimen170
\tagshift@=\dimen171
\tagwidth@=\dimen172
\totwidth@=\dimen173
\lineht@=\dimen174
\@envbody=\toks28
\multlinegap=\skip69
\multlinetaggap=\skip70
\mathdisplay@stack=\toks29
LaTeX Info: Redefining \[ on input line 2950.
LaTeX Info: Redefining \] on input line 2951.
)
(C:\Users\GiacomoGolino\AppData\Local\Programs\MiKTeX\tex/latex/mathtools\matht
ools.sty
Package: mathtools 2024/10/04 v1.31 mathematical typesetting tools

(C:\Users\GiacomoGolino\AppData\Local\Programs\MiKTeX\tex/latex/tools\calc.sty
Package: calc 2025/03/01 v4.3b Infix arithmetic (KKT,FJ)
\calc@Acount=\count327
\calc@Bcount=\count328
\calc@Adimen=\dimen175
\calc@Bdimen=\dimen176
\calc@Askip=\skip71
\calc@Bskip=\skip72
LaTeX Info: Redefining \setlength on input line 86.
LaTeX Info: Redefining \addtolength on input line 87.
\calc@Ccount=\count329
\calc@Cskip=\skip73
)
(C:\Users\GiacomoGolino\AppData\Local\Programs\MiKTeX\tex/latex/mathtools\mhset
up.sty
Package: mhsetup 2021/03/18 v1.4 programming setup (MH)
)
\g_MT_multlinerow_int=\count330
\l_MT_multwidth_dim=\dimen177
\origjot=\skip74
\l_MT_shortvdotswithinadjustabove_dim=\dimen178
\l_MT_shortvdotswithinadjustbelow_dim=\dimen179
\l_MT_above_intertext_sep=\dimen180
\l_MT_below_intertext_sep=\dimen181
\l_MT_above_shortintertext_sep=\dimen182
\l_MT_below_shortintertext_sep=\dimen183
\xmathstrut@box=\box66
\xmathstrut@dim=\dimen184
)
(C:\Users\GiacomoGolino\AppData\Local\Programs\MiKTeX\tex/latex/graphics\graphi
cx.sty
Package: graphicx 2024/12/31 v1.2e Enhanced LaTeX Graphics (DPC,SPQR)

(C:\Users\GiacomoGolino\AppData\Local\Programs\MiKTeX\tex/latex/graphics\graphi
cs.sty
Package: graphics 2024/08/06 v1.4g Standard LaTeX Graphics (DPC,SPQR)

(C:\Users\GiacomoGolino\AppData\Local\Programs\MiKTeX\tex/latex/graphics\trig.s
ty
Package: trig 2023/12/02 v1.11 sin cos tan (DPC)
)
(C:\Users\GiacomoGolino\AppData\Local\Programs\MiKTeX\tex/latex/graphics-cfg\gr
aphics.cfg
File: graphics.cfg 2016/06/04 v1.11 sample graphics configuration
)
Package graphics Info: Driver file: pdftex.def on input line 106.

(C:\Users\GiacomoGolino\AppData\Local\Programs\MiKTeX\tex/latex/graphics-def\pd
ftex.def
File: pdftex.def 2025/09/29 v1.2d Graphics/color driver for pdftex
))
\Gin@req@height=\dimen185
\Gin@req@width=\dimen186
)
(C:\Users\GiacomoGolino\AppData\Local\Programs\MiKTeX\tex/latex/float\float.sty
Package: float 2001/11/08 v1.3d Float enhancements (AL)
\c@float@type=\count331
\float@exts=\toks30
\float@box=\box67
\@float@everytoks=\toks31
\@floatcapt=\box68
)
(C:\Users\GiacomoGolino\AppData\Local\Programs\MiKTeX\tex/latex/pgfplots\pgfplo
ts.sty
(C:\Users\GiacomoGolino\AppData\Local\Programs\MiKTeX\tex/generic/pgfplots\pgfp
lots.revision.tex)
Package: pgfplots 2021/05/15 v1.18.1 Data Visualization (1.18.1)

(C:\Users\GiacomoGolino\AppData\Local\Programs\MiKTeX\tex/latex/pgf/frontendlay
er\tikz.sty
(C:\Users\GiacomoGolino\AppData\Local\Programs\MiKTeX\tex/latex/pgf/basiclayer\
pgf.sty
(C:\Users\GiacomoGolino\AppData\Local\Programs\MiKTeX\tex/latex/pgf/utilities\p
gfrcs.sty
(C:\Users\GiacomoGolino\AppData\Local\Programs\MiKTeX\tex/generic/pgf/utilities
\pgfutil-common.tex
\pgfutil@everybye=\toks32
\pgfutil@tempdima=\dimen187
\pgfutil@tempdimb=\dimen188
)
(C:\Users\GiacomoGolino\AppData\Local\Programs\MiKTeX\tex/generic/pgf/utilities
\pgfutil-latex.def
\pgfutil@abb=\box69
)
(C:\Users\GiacomoGolino\AppData\Local\Programs\MiKTeX\tex/generic/pgf/utilities
\pgfrcs.code.tex
(C:\Users\GiacomoGolino\AppData\Local\Programs\MiKTeX\tex/generic/pgf\pgf.revis
ion.tex)
Package: pgfrcs 2025-08-29 v3.1.11a (3.1.11a)
))
Package: pgf 2025-08-29 v3.1.11a (3.1.11a)

(C:\Users\GiacomoGolino\AppData\Local\Programs\MiKTeX\tex/latex/pgf/basiclayer\
pgfcore.sty
(C:\Users\GiacomoGolino\AppData\Local\Programs\MiKTeX\tex/latex/pgf/systemlayer
\pgfsys.sty
(C:\Users\GiacomoGolino\AppData\Local\Programs\MiKTeX\tex/generic/pgf/systemlay
er\pgfsys.code.tex
Package: pgfsys 2025-08-29 v3.1.11a (3.1.11a)

(C:\Users\GiacomoGolino\AppData\Local\Programs\MiKTeX\tex/generic/pgf/utilities
\pgfkeys.code.tex
\pgfkeys@pathtoks=\toks33
\pgfkeys@temptoks=\toks34

(C:\Users\GiacomoGolino\AppData\Local\Programs\MiKTeX\tex/generic/pgf/utilities
\pgfkeyslibraryfiltered.code.tex
\pgfkeys@tmptoks=\toks35
))
\pgf@x=\dimen189
\pgf@y=\dimen190
\pgf@xa=\dimen191
\pgf@ya=\dimen192
\pgf@xb=\dimen193
\pgf@yb=\dimen194
\pgf@xc=\dimen195
\pgf@yc=\dimen196
\pgf@xd=\dimen197
\pgf@yd=\dimen198
\w@pgf@writea=\write3
\r@pgf@reada=\read3
\c@pgf@counta=\count332
\c@pgf@countb=\count333
\c@pgf@countc=\count334
\c@pgf@countd=\count335
\t@pgf@toka=\toks36
\t@pgf@tokb=\toks37
\t@pgf@tokc=\toks38
\pgf@sys@id@count=\count336

(C:\Users\GiacomoGolino\AppData\Local\Programs\MiKTeX\tex/generic/pgf/systemlay
er\pgf.cfg
File: pgf.cfg 2025-08-29 v3.1.11a (3.1.11a)
)
Driver file for pgf: pgfsys-pdftex.def

(C:\Users\GiacomoGolino\AppData\Local\Programs\MiKTeX\tex/generic/pgf/systemlay
er\pgfsys-pdftex.def
File: pgfsys-pdftex.def 2025-08-29 v3.1.11a (3.1.11a)

(C:\Users\GiacomoGolino\AppData\Local\Programs\MiKTeX\tex/generic/pgf/systemlay
er\pgfsys-common-pdf.def
File: pgfsys-common-pdf.def 2025-08-29 v3.1.11a (3.1.11a)
)))
(C:\Users\GiacomoGolino\AppData\Local\Programs\MiKTeX\tex/generic/pgf/systemlay
er\pgfsyssoftpath.code.tex
File: pgfsyssoftpath.code.tex 2025-08-29 v3.1.11a (3.1.11a)
\pgfsyssoftpath@smallbuffer@items=\count337
\pgfsyssoftpath@bigbuffer@items=\count338
)
(C:\Users\GiacomoGolino\AppData\Local\Programs\MiKTeX\tex/generic/pgf/systemlay
er\pgfsysprotocol.code.tex
File: pgfsysprotocol.code.tex 2025-08-29 v3.1.11a (3.1.11a)
))
(C:\Users\GiacomoGolino\AppData\Local\Programs\MiKTeX\tex/latex/xcolor\xcolor.s
ty
Package: xcolor 2024/09/29 v3.02 LaTeX color extensions (UK)

(C:\Users\GiacomoGolino\AppData\Local\Programs\MiKTeX\tex/latex/graphics-cfg\co
lor.cfg
File: color.cfg 2016/01/02 v1.6 sample color configuration
)
Package xcolor Info: Driver file: pdftex.def on input line 274.

(C:\Users\GiacomoGolino\AppData\Local\Programs\MiKTeX\tex/latex/graphics\mathco
lor.ltx)
Package xcolor Info: Model `cmy' substituted by `cmy0' on input line 1349.
Package xcolor Info: Model `hsb' substituted by `rgb' on input line 1353.
Package xcolor Info: Model `RGB' extended on input line 1365.
Package xcolor Info: Model `HTML' substituted by `rgb' on input line 1367.
Package xcolor Info: Model `Hsb' substituted by `hsb' on input line 1368.
Package xcolor Info: Model `tHsb' substituted by `hsb' on input line 1369.
Package xcolor Info: Model `HSB' substituted by `hsb' on input line 1370.
Package xcolor Info: Model `Gray' substituted by `gray' on input line 1371.
Package xcolor Info: Model `wave' substituted by `hsb' on input line 1372.
)
(C:\Users\GiacomoGolino\AppData\Local\Programs\MiKTeX\tex/generic/pgf/basiclaye
r\pgfcore.code.tex
Package: pgfcore 2025-08-29 v3.1.11a (3.1.11a)

(C:\Users\GiacomoGolino\AppData\Local\Programs\MiKTeX\tex/generic/pgf/math\pgfm
ath.code.tex
(C:\Users\GiacomoGolino\AppData\Local\Programs\MiKTeX\tex/generic/pgf/math\pgfm
athutil.code.tex)
(C:\Users\GiacomoGolino\AppData\Local\Programs\MiKTeX\tex/generic/pgf/math\pgfm
athparser.code.tex
\pgfmath@dimen=\dimen199
\pgfmath@count=\count339
\pgfmath@box=\box70
\pgfmath@toks=\toks39
\pgfmath@stack@operand=\toks40
\pgfmath@stack@operation=\toks41
)
(C:\Users\GiacomoGolino\AppData\Local\Programs\MiKTeX\tex/generic/pgf/math\pgfm
athfunctions.code.tex)
(C:\Users\GiacomoGolino\AppData\Local\Programs\MiKTeX\tex/generic/pgf/math\pgfm
athfunctions.basic.code.tex)
(C:\Users\GiacomoGolino\AppData\Local\Programs\MiKTeX\tex/generic/pgf/math\pgfm
athfunctions.trigonometric.code.tex)
(C:\Users\GiacomoGolino\AppData\Local\Programs\MiKTeX\tex/generic/pgf/math\pgfm
athfunctions.random.code.tex)
(C:\Users\GiacomoGolino\AppData\Local\Programs\MiKTeX\tex/generic/pgf/math\pgfm
athfunctions.comparison.code.tex)
(C:\Users\GiacomoGolino\AppData\Local\Programs\MiKTeX\tex/generic/pgf/math\pgfm
athfunctions.base.code.tex)
(C:\Users\GiacomoGolino\AppData\Local\Programs\MiKTeX\tex/generic/pgf/math\pgfm
athfunctions.round.code.tex)
(C:\Users\GiacomoGolino\AppData\Local\Programs\MiKTeX\tex/generic/pgf/math\pgfm
athfunctions.misc.code.tex)
(C:\Users\GiacomoGolino\AppData\Local\Programs\MiKTeX\tex/generic/pgf/math\pgfm
athfunctions.integerarithmetics.code.tex)
(C:\Users\GiacomoGolino\AppData\Local\Programs\MiKTeX\tex/generic/pgf/math\pgfm
athcalc.code.tex)
(C:\Users\GiacomoGolino\AppData\Local\Programs\MiKTeX\tex/generic/pgf/math\pgfm
athfloat.code.tex
\c@pgfmathroundto@lastzeros=\count340
))
(C:\Users\GiacomoGolino\AppData\Local\Programs\MiKTeX\tex/generic/pgf/math\pgfi
nt.code.tex)
(C:\Users\GiacomoGolino\AppData\Local\Programs\MiKTeX\tex/generic/pgf/basiclaye
r\pgfcorepoints.code.tex
File: pgfcorepoints.code.tex 2025-08-29 v3.1.11a (3.1.11a)
\pgf@picminx=\dimen256
\pgf@picmaxx=\dimen257
\pgf@picminy=\dimen258
\pgf@picmaxy=\dimen259
\pgf@pathminx=\dimen260
\pgf@pathmaxx=\dimen261
\pgf@pathminy=\dimen262
\pgf@pathmaxy=\dimen263
\pgf@xx=\dimen264
\pgf@xy=\dimen265
\pgf@yx=\dimen266
\pgf@yy=\dimen267
\pgf@zx=\dimen268
\pgf@zy=\dimen269
)
(C:\Users\GiacomoGolino\AppData\Local\Programs\MiKTeX\tex/generic/pgf/basiclaye
r\pgfcorepathconstruct.code.tex
File: pgfcorepathconstruct.code.tex 2025-08-29 v3.1.11a (3.1.11a)
\pgf@path@lastx=\dimen270
\pgf@path@lasty=\dimen271
)
(C:\Users\GiacomoGolino\AppData\Local\Programs\MiKTeX\tex/generic/pgf/basiclaye
r\pgfcorepathusage.code.tex
File: pgfcorepathusage.code.tex 2025-08-29 v3.1.11a (3.1.11a)
\pgf@shorten@end@additional=\dimen272
\pgf@shorten@start@additional=\dimen273
)
(C:\Users\GiacomoGolino\AppData\Local\Programs\MiKTeX\tex/generic/pgf/basiclaye
r\pgfcorescopes.code.tex
File: pgfcorescopes.code.tex 2025-08-29 v3.1.11a (3.1.11a)
\pgfpic=\box71
\pgf@hbox=\box72
\pgf@layerbox@main=\box73
\pgf@picture@serial@count=\count341
)
(C:\Users\GiacomoGolino\AppData\Local\Programs\MiKTeX\tex/generic/pgf/basiclaye
r\pgfcoregraphicstate.code.tex
File: pgfcoregraphicstate.code.tex 2025-08-29 v3.1.11a (3.1.11a)
\pgflinewidth=\dimen274
)
(C:\Users\GiacomoGolino\AppData\Local\Programs\MiKTeX\tex/generic/pgf/basiclaye
r\pgfcoretransformations.code.tex
File: pgfcoretransformations.code.tex 2025-08-29 v3.1.11a (3.1.11a)
\pgf@pt@x=\dimen275
\pgf@pt@y=\dimen276
\pgf@pt@temp=\dimen277
)
(C:\Users\GiacomoGolino\AppData\Local\Programs\MiKTeX\tex/generic/pgf/basiclaye
r\pgfcorequick.code.tex
File: pgfcorequick.code.tex 2025-08-29 v3.1.11a (3.1.11a)
)
(C:\Users\GiacomoGolino\AppData\Local\Programs\MiKTeX\tex/generic/pgf/basiclaye
r\pgfcoreobjects.code.tex
File: pgfcoreobjects.code.tex 2025-08-29 v3.1.11a (3.1.11a)
)
(C:\Users\GiacomoGolino\AppData\Local\Programs\MiKTeX\tex/generic/pgf/basiclaye
r\pgfcorepathprocessing.code.tex
File: pgfcorepathprocessing.code.tex 2025-08-29 v3.1.11a (3.1.11a)
)
(C:\Users\GiacomoGolino\AppData\Local\Programs\MiKTeX\tex/generic/pgf/basiclaye
r\pgfcorearrows.code.tex
File: pgfcorearrows.code.tex 2025-08-29 v3.1.11a (3.1.11a)
\pgfarrowsep=\dimen278
)
(C:\Users\GiacomoGolino\AppData\Local\Programs\MiKTeX\tex/generic/pgf/basiclaye
r\pgfcoreshade.code.tex
File: pgfcoreshade.code.tex 2025-08-29 v3.1.11a (3.1.11a)
\pgf@max=\dimen279
\pgf@sys@shading@range@num=\count342
\pgf@shadingcount=\count343
)
(C:\Users\GiacomoGolino\AppData\Local\Programs\MiKTeX\tex/generic/pgf/basiclaye
r\pgfcoreimage.code.tex
File: pgfcoreimage.code.tex 2025-08-29 v3.1.11a (3.1.11a)
)
(C:\Users\GiacomoGolino\AppData\Local\Programs\MiKTeX\tex/generic/pgf/basiclaye
r\pgfcoreexternal.code.tex
File: pgfcoreexternal.code.tex 2025-08-29 v3.1.11a (3.1.11a)
\pgfexternal@startupbox=\box74
)
(C:\Users\GiacomoGolino\AppData\Local\Programs\MiKTeX\tex/generic/pgf/basiclaye
r\pgfcorelayers.code.tex
File: pgfcorelayers.code.tex 2025-08-29 v3.1.11a (3.1.11a)
)
(C:\Users\GiacomoGolino\AppData\Local\Programs\MiKTeX\tex/generic/pgf/basiclaye
r\pgfcoretransparency.code.tex
File: pgfcoretransparency.code.tex 2025-08-29 v3.1.11a (3.1.11a)
)
(C:\Users\GiacomoGolino\AppData\Local\Programs\MiKTeX\tex/generic/pgf/basiclaye
r\pgfcorepatterns.code.tex
File: pgfcorepatterns.code.tex 2025-08-29 v3.1.11a (3.1.11a)
)
(C:\Users\GiacomoGolino\AppData\Local\Programs\MiKTeX\tex/generic/pgf/basiclaye
r\pgfcorerdf.code.tex
File: pgfcorerdf.code.tex 2025-08-29 v3.1.11a (3.1.11a)
)))
(C:\Users\GiacomoGolino\AppData\Local\Programs\MiKTeX\tex/generic/pgf/modules\p
gfmoduleshapes.code.tex
File: pgfmoduleshapes.code.tex 2025-08-29 v3.1.11a (3.1.11a)
\pgfnodeparttextbox=\box75
)
(C:\Users\GiacomoGolino\AppData\Local\Programs\MiKTeX\tex/generic/pgf/modules\p
gfmoduleplot.code.tex
File: pgfmoduleplot.code.tex 2025-08-29 v3.1.11a (3.1.11a)
)
(C:\Users\GiacomoGolino\AppData\Local\Programs\MiKTeX\tex/latex/pgf/compatibili
ty\pgfcomp-version-0-65.sty
Package: pgfcomp-version-0-65 2025-08-29 v3.1.11a (3.1.11a)
\pgf@nodesepstart=\dimen280
\pgf@nodesepend=\dimen281
)
(C:\Users\GiacomoGolino\AppData\Local\Programs\MiKTeX\tex/latex/pgf/compatibili
ty\pgfcomp-version-1-18.sty
Package: pgfcomp-version-1-18 2025-08-29 v3.1.11a (3.1.11a)
))
(C:\Users\GiacomoGolino\AppData\Local\Programs\MiKTeX\tex/latex/pgf/utilities\p
gffor.sty
(C:\Users\GiacomoGolino\AppData\Local\Programs\MiKTeX\tex/latex/pgf/utilities\p
gfkeys.sty
(C:\Users\GiacomoGolino\AppData\Local\Programs\MiKTeX\tex/generic/pgf/utilities
\pgfkeys.code.tex))
(C:\Users\GiacomoGolino\AppData\Local\Programs\MiKTeX\tex/latex/pgf/math\pgfmat
h.sty
(C:\Users\GiacomoGolino\AppData\Local\Programs\MiKTeX\tex/generic/pgf/math\pgfm
ath.code.tex))
(C:\Users\GiacomoGolino\AppData\Local\Programs\MiKTeX\tex/generic/pgf/utilities
\pgffor.code.tex
Package: pgffor 2025-08-29 v3.1.11a (3.1.11a)
\pgffor@iter=\dimen282
\pgffor@skip=\dimen283
\pgffor@stack=\toks42
\pgffor@toks=\toks43
))
(C:\Users\GiacomoGolino\AppData\Local\Programs\MiKTeX\tex/generic/pgf/frontendl
ayer/tikz\tikz.code.tex
Package: tikz 2025-08-29 v3.1.11a (3.1.11a)

(C:\Users\GiacomoGolino\AppData\Local\Programs\MiKTeX\tex/generic/pgf/libraries
\pgflibraryplothandlers.code.tex
File: pgflibraryplothandlers.code.tex 2025-08-29 v3.1.11a (3.1.11a)
\pgf@plot@mark@count=\count344
\pgfplotmarksize=\dimen284
)
\tikz@lastx=\dimen285
\tikz@lasty=\dimen286
\tikz@lastxsaved=\dimen287
\tikz@lastysaved=\dimen288
\tikz@lastmovetox=\dimen289
\tikz@lastmovetoy=\dimen290
\tikzleveldistance=\dimen291
\tikzsiblingdistance=\dimen292
\tikz@figbox=\box76
\tikz@figbox@bg=\box77
\tikz@tempbox=\box78
\tikz@tempbox@bg=\box79
\tikztreelevel=\count345
\tikznumberofchildren=\count346
\tikznumberofcurrentchild=\count347
\tikz@fig@count=\count348

(C:\Users\GiacomoGolino\AppData\Local\Programs\MiKTeX\tex/generic/pgf/modules\p
gfmodulematrix.code.tex
File: pgfmodulematrix.code.tex 2025-08-29 v3.1.11a (3.1.11a)
\pgfmatrixcurrentrow=\count349
\pgfmatrixcurrentcolumn=\count350
\pgf@matrix@numberofcolumns=\count351
)
\tikz@expandcount=\count352

(C:\Users\GiacomoGolino\AppData\Local\Programs\MiKTeX\tex/generic/pgf/frontendl
ayer/tikz/libraries\tikzlibrarytopaths.code.tex
File: tikzlibrarytopaths.code.tex 2025-08-29 v3.1.11a (3.1.11a)
)))
(C:\Users\GiacomoGolino\AppData\Local\Programs\MiKTeX\tex/generic/pgfplots\pgfp
lots.code.tex
(C:\Users\GiacomoGolino\AppData\Local\Programs\MiKTeX\tex/generic/pgfplots\pgfp
lotscore.code.tex
\t@pgfplots@toka=\toks44
\t@pgfplots@tokb=\toks45
\t@pgfplots@tokc=\toks46
\pgfplots@tmpa=\dimen293
\c@pgfplots@coordindex=\count353
\c@pgfplots@scanlineindex=\count354

(C:\Users\GiacomoGolino\AppData\Local\Programs\MiKTeX\tex/generic/pgfplots/sys\
pgfplotssysgeneric.code.tex))
(C:\Users\GiacomoGolino\AppData\Local\Programs\MiKTeX\tex/generic/pgfplots/libs
\pgfplotslibrary.code.tex)
(C:\Users\GiacomoGolino\AppData\Local\Programs\MiKTeX\tex/generic/pgfplots/oldp
gfcompatib\pgfplotsoldpgfsupp_loader.code.tex
(C:\Users\GiacomoGolino\AppData\Local\Programs\MiKTeX\tex/generic/pgf/libraries
\pgflibraryfpu.code.tex)
Package pgfplots: loading complementary utilities for your pgf version...
\t@pgf@toka=\toks47
\t@pgf@tokb=\toks48
\t@pgf@tokc=\toks49

(C:\Users\GiacomoGolino\AppData\Local\Programs\MiKTeX\tex/generic/pgfplots/oldp
gfcompatib\pgfplotsoldpgfsupp_pgfutil-common-lists.tex))
(C:\Users\GiacomoGolino\AppData\Local\Programs\MiKTeX\tex/generic/pgfplots/util
\pgfplotsutil.code.tex
(C:\Users\GiacomoGolino\AppData\Local\Programs\MiKTeX\tex/generic/pgfplots/list
structure\pgfplotsliststructure.code.tex)
(C:\Users\GiacomoGolino\AppData\Local\Programs\MiKTeX\tex/generic/pgfplots/list
structure\pgfplotsliststructureext.code.tex)
(C:\Users\GiacomoGolino\AppData\Local\Programs\MiKTeX\tex/generic/pgfplots/list
structure\pgfplotsarray.code.tex
\c@pgfplotsarray@tmp=\count355
)
(C:\Users\GiacomoGolino\AppData\Local\Programs\MiKTeX\tex/generic/pgfplots/list
structure\pgfplotsmatrix.code.tex)
(C:\Users\GiacomoGolino\AppData\Local\Programs\MiKTeX\tex/generic/pgfplots/numt
able\pgfplotstableshared.code.tex
\c@pgfplotstable@counta=\count356
\t@pgfplotstable@a=\toks50
)
(C:\Users\GiacomoGolino\AppData\Local\Programs\MiKTeX\tex/generic/pgfplots/list
structure\pgfplotsdeque.code.tex)
(C:\Users\GiacomoGolino\AppData\Local\Programs\MiKTeX\tex/generic/pgfplots/util
\pgfplotsbinary.code.tex
(C:\Users\GiacomoGolino\AppData\Local\Programs\MiKTeX\tex/generic/pgfplots/util
\pgfplotsbinary.data.code.tex))
(C:\Users\GiacomoGolino\AppData\Local\Programs\MiKTeX\tex/generic/pgfplots/util
\pgfplotsutil.verb.code.tex)
(C:\Users\GiacomoGolino\AppData\Local\Programs\MiKTeX\tex/generic/pgfplots/libs
\pgflibrarypgfplots.surfshading.code.tex
\c@pgfplotslibrarysurf@no=\count357

(C:\Users\GiacomoGolino\AppData\Local\Programs\MiKTeX\tex/generic/pgfplots/sys\
pgflibrarypgfplots.surfshading.pgfsys-pdftex.def)))
(C:\Users\GiacomoGolino\AppData\Local\Programs\MiKTeX\tex/generic/pgfplots/util
\pgfplotscolormap.code.tex
(C:\Users\GiacomoGolino\AppData\Local\Programs\MiKTeX\tex/generic/pgfplots/util
\pgfplotscolor.code.tex))
(C:\Users\GiacomoGolino\AppData\Local\Programs\MiKTeX\tex/generic/pgfplots\pgfp
lotsstackedplots.code.tex)
(C:\Users\GiacomoGolino\AppData\Local\Programs\MiKTeX\tex/generic/pgfplots\pgfp
lotsplothandlers.code.tex
(C:\Users\GiacomoGolino\AppData\Local\Programs\MiKTeX\tex/generic/pgfplots\pgfp
lotsmeshplothandler.code.tex
(C:\Users\GiacomoGolino\AppData\Local\Programs\MiKTeX\tex/generic/pgfplots\pgfp
lotsmeshplotimage.code.tex)))
(C:\Users\GiacomoGolino\AppData\Local\Programs\MiKTeX\tex/generic/pgfplots\pgfp
lots.scaling.code.tex)
(C:\Users\GiacomoGolino\AppData\Local\Programs\MiKTeX\tex/generic/pgfplots\pgfp
lotscoordprocessing.code.tex)
(C:\Users\GiacomoGolino\AppData\Local\Programs\MiKTeX\tex/generic/pgfplots\pgfp
lots.errorbars.code.tex)
(C:\Users\GiacomoGolino\AppData\Local\Programs\MiKTeX\tex/generic/pgfplots\pgfp
lots.markers.code.tex)
(C:\Users\GiacomoGolino\AppData\Local\Programs\MiKTeX\tex/generic/pgfplots\pgfp
lotsticks.code.tex)
(C:\Users\GiacomoGolino\AppData\Local\Programs\MiKTeX\tex/generic/pgfplots\pgfp
lots.paths.code.tex)
(C:\Users\GiacomoGolino\AppData\Local\Programs\MiKTeX\tex/generic/pgf/frontendl
ayer/tikz/libraries\tikzlibrarydecorations.code.tex
(C:\Users\GiacomoGolino\AppData\Local\Programs\MiKTeX\tex/generic/pgf/modules\p
gfmoduledecorations.code.tex
\pgfdecoratedcompleteddistance=\dimen294
\pgfdecoratedremainingdistance=\dimen295
\pgfdecoratedinputsegmentcompleteddistance=\dimen296
\pgfdecoratedinputsegmentremainingdistance=\dimen297
\pgf@decorate@distancetomove=\dimen298
\pgf@decorate@repeatstate=\count358
\pgfdecorationsegmentamplitude=\dimen299
\pgfdecorationsegmentlength=\dimen300
)
\tikz@lib@dec@box=\box80
)
(C:\Users\GiacomoGolino\AppData\Local\Programs\MiKTeX\tex/generic/pgf/frontendl
ayer/tikz/libraries\tikzlibrarydecorations.pathmorphing.code.tex
(C:\Users\GiacomoGolino\AppData\Local\Programs\MiKTeX\tex/generic/pgf/libraries
/decorations\pgflibrarydecorations.pathmorphing.code.tex))
(C:\Users\GiacomoGolino\AppData\Local\Programs\MiKTeX\tex/generic/pgf/frontendl
ayer/tikz/libraries\tikzlibrarydecorations.pathreplacing.code.tex
(C:\Users\GiacomoGolino\AppData\Local\Programs\MiKTeX\tex/generic/pgf/libraries
/decorations\pgflibrarydecorations.pathreplacing.code.tex))
(C:\Users\GiacomoGolino\AppData\Local\Programs\MiKTeX\tex/generic/pgfplots/libs
\tikzlibrarypgfplots.contourlua.code.tex)
\pgfplots@numplots=\count359
\pgfplots@xmin@reg=\dimen301
\pgfplots@xmax@reg=\dimen302
\pgfplots@ymin@reg=\dimen303
\pgfplots@ymax@reg=\dimen304
\pgfplots@zmin@reg=\dimen305
\pgfplots@zmax@reg=\dimen306
)
(C:\Users\GiacomoGolino\AppData\Local\Programs\MiKTeX\tex/generic/pgf/frontendl
ayer/tikz/libraries\tikzlibraryplotmarks.code.tex
File: tikzlibraryplotmarks.code.tex 2025-08-29 v3.1.11a (3.1.11a)

(C:\Users\GiacomoGolino\AppData\Local\Programs\MiKTeX\tex/generic/pgf/libraries
\pgflibraryplotmarks.code.tex
File: pgflibraryplotmarks.code.tex 2025-08-29 v3.1.11a (3.1.11a)
)))
(C:\Users\GiacomoGolino\AppData\Local\Programs\MiKTeX\tex/latex/colortbl\colort
bl.sty
Package: colortbl 2024/10/29 v1.0k Color table columns (DPC)
\everycr=\toks51
\minrowclearance=\skip75
\rownum=\count360
)
(C:\Users\GiacomoGolino\AppData\Local\Programs\MiKTeX\tex/latex/caption\caption
.sty
Package: caption 2023/08/05 v3.6o Customizing captions (AR)

(C:\Users\GiacomoGolino\AppData\Local\Programs\MiKTeX\tex/latex/caption\caption
3.sty
Package: caption3 2023/07/31 v2.4d caption3 kernel (AR)
\caption@tempdima=\dimen307
\captionmargin=\dimen308
\caption@leftmargin=\dimen309
\caption@rightmargin=\dimen310
\caption@width=\dimen311
\caption@indent=\dimen312
\caption@parindent=\dimen313
\caption@hangindent=\dimen314
Package caption Info: Standard document class detected.
)
\c@caption@flags=\count361
\c@continuedfloat=\count362
Package caption Info: float package is loaded.
)
(C:\Users\GiacomoGolino\AppData\Local\Programs\MiKTeX\tex/latex/hyperref\hyperr
ef.sty
Package: hyperref 2025-07-12 v7.01o Hypertext links for LaTeX

(C:\Users\GiacomoGolino\AppData\Local\Programs\MiKTeX\tex/latex/kvsetkeys\kvset
keys.sty
Package: kvsetkeys 2022-10-05 v1.19 Key value parser (HO)
)
(C:\Users\GiacomoGolino\AppData\Local\Programs\MiKTeX\tex/generic/kvdefinekeys\
kvdefinekeys.sty
Package: kvdefinekeys 2019-12-19 v1.6 Define keys (HO)
)
(C:\Users\GiacomoGolino\AppData\Local\Programs\MiKTeX\tex/generic/pdfescape\pdf
escape.sty
Package: pdfescape 2019/12/09 v1.15 Implements pdfTeX's escape features (HO)
)
(C:\Users\GiacomoGolino\AppData\Local\Programs\MiKTeX\tex/latex/hycolor\hycolor
.sty
Package: hycolor 2020-01-27 v1.10 Color options for hyperref/bookmark (HO)
)
(C:\Users\GiacomoGolino\AppData\Local\Programs\MiKTeX\tex/latex/hyperref\namere
f.sty
Package: nameref 2025-06-21 v2.57 Cross-referencing by name of section

(C:\Users\GiacomoGolino\AppData\Local\Programs\MiKTeX\tex/latex/refcount\refcou
nt.sty
Package: refcount 2019/12/15 v3.6 Data extraction from label references (HO)
)
(C:\Users\GiacomoGolino\AppData\Local\Programs\MiKTeX\tex/generic/gettitlestrin
g\gettitlestring.sty
Package: gettitlestring 2019/12/15 v1.6 Cleanup title references (HO)

(C:\Users\GiacomoGolino\AppData\Local\Programs\MiKTeX\tex/latex/kvoptions\kvopt
ions.sty
Package: kvoptions 2022-06-15 v3.15 Key value format for package options (HO)
))
\c@section@level=\count363
)
(C:\Users\GiacomoGolino\AppData\Local\Programs\MiKTeX\tex/generic/stringenc\str
ingenc.sty
Package: stringenc 2019/11/29 v1.12 Convert strings between diff. encodings (HO
)
)
\@linkdim=\dimen315
\Hy@linkcounter=\count364
\Hy@pagecounter=\count365

(C:\Users\GiacomoGolino\AppData\Local\Programs\MiKTeX\tex/latex/hyperref\pd1enc
.def
File: pd1enc.def 2025-07-12 v7.01o Hyperref: PDFDocEncoding definition (HO)
Now handling font encoding PD1 ...
... no UTF-8 mapping file for font encoding PD1
)
(C:\Users\GiacomoGolino\AppData\Local\Programs\MiKTeX\tex/generic/intcalc\intca
lc.sty
Package: intcalc 2019/12/15 v1.3 Expandable calculations with integers (HO)
)
\Hy@SavedSpaceFactor=\count366

(C:\Users\GiacomoGolino\AppData\Local\Programs\MiKTeX\tex/latex/hyperref\puenc.
def
File: puenc.def 2025-07-12 v7.01o Hyperref: PDF Unicode definition (HO)
Now handling font encoding PU ...
... no UTF-8 mapping file for font encoding PU
)
Package hyperref Info: Hyper figures OFF on input line 4195.
Package hyperref Info: Link nesting OFF on input line 4200.
Package hyperref Info: Hyper index ON on input line 4203.
Package hyperref Info: Plain pages OFF on input line 4210.
Package hyperref Info: Backreferencing OFF on input line 4215.
Package hyperref Info: Implicit mode ON; LaTeX internals redefined.
Package hyperref Info: Bookmarks ON on input line 4462.
\c@Hy@tempcnt=\count367

(C:\Users\GiacomoGolino\AppData\Local\Programs\MiKTeX\tex/latex/url\url.sty
\Urlmuskip=\muskip18
Package: url 2013/09/16  ver 3.4  Verb mode for urls, etc.
)
LaTeX Info: Redefining \url on input line 4801.
\XeTeXLinkMargin=\dimen316

(C:\Users\GiacomoGolino\AppData\Local\Programs\MiKTeX\tex/generic/bitset\bitset
.sty
Package: bitset 2019/12/09 v1.3 Handle bit-vector datatype (HO)

(C:\Users\GiacomoGolino\AppData\Local\Programs\MiKTeX\tex/generic/bigintcalc\bi
gintcalc.sty
Package: bigintcalc 2019/12/15 v1.5 Expandable calculations on big integers (HO
)
))
\Fld@menulength=\count368
\Field@Width=\dimen317
\Fld@charsize=\dimen318
Package hyperref Info: Hyper figures OFF on input line 6078.
Package hyperref Info: Link nesting OFF on input line 6083.
Package hyperref Info: Hyper index ON on input line 6086.
Package hyperref Info: backreferencing OFF on input line 6093.
Package hyperref Info: Link coloring OFF on input line 6098.
Package hyperref Info: Link coloring with OCG OFF on input line 6103.
Package hyperref Info: PDF/A mode OFF on input line 6108.
\Hy@abspage=\count369
\c@Item=\count370
\c@Hfootnote=\count371
)
Package hyperref Info: Driver (autodetected): hpdftex.

(C:\Users\GiacomoGolino\AppData\Local\Programs\MiKTeX\tex/latex/hyperref\hpdfte
x.def
File: hpdftex.def 2025-07-12 v7.01o Hyperref driver for pdfTeX
\Fld@listcount=\count372
\c@bookmark@seq@number=\count373

(C:\Users\GiacomoGolino\AppData\Local\Programs\MiKTeX\tex/latex/rerunfilecheck\
rerunfilecheck.sty
Package: rerunfilecheck 2025-06-21 v1.11 Rerun checks for auxiliary files (HO)

(C:\Users\GiacomoGolino\AppData\Local\Programs\MiKTeX\tex/generic/uniquecounter
\uniquecounter.sty
Package: uniquecounter 2019/12/15 v1.4 Provide unlimited unique counter (HO)
)
Package uniquecounter Info: New unique counter `rerunfilecheck' on input line 2
84.
)
\Hy@SectionHShift=\skip76
)
(C:\Users\GiacomoGolino\AppData\Local\Programs\MiKTeX\tex/latex/xurl\xurl.sty
Package: xurl 2022/01/09 v 0.10 modify URL breaks
)
(C:\Users\GiacomoGolino\AppData\Local\Programs\MiKTeX\tex/latex/tools\tabularx.
sty
Package: tabularx 2023/12/11 v2.12a `tabularx' package (DPC)
\TX@col@width=\dimen319
\TX@old@table=\dimen320
\TX@old@col=\dimen321
\TX@target=\dimen322
\TX@delta=\dimen323
\TX@cols=\count374
\TX@ftn=\toks52
)
(C:\Users\GiacomoGolino\AppData\Local\Programs\MiKTeX\tex/latex/tools\longtable
.sty
Package: longtable 2025-10-13 v4.24 Multi-page Table package (DPC)
\LTleft=\skip77
\LTright=\skip78
\LTpre=\skip79
\LTpost=\skip80
\LTchunksize=\count375
\LTcapwidth=\dimen324
\LT@head=\box81
\LT@firsthead=\box82
\LT@foot=\box83
\LT@lastfoot=\box84
\LT@gbox=\box85
\LT@cols=\count376
\LT@rows=\count377
\c@LT@tables=\count378
\c@LT@chunks=\count379
\LT@p@ftn=\toks53
)
(C:\Users\GiacomoGolino\AppData\Local\Programs\MiKTeX\tex/latex/booktabs\bookta
bs.sty
Package: booktabs 2020/01/12 v1.61803398 Publication quality tables
\heavyrulewidth=\dimen325
\lightrulewidth=\dimen326
\cmidrulewidth=\dimen327
\belowrulesep=\dimen328
\belowbottomsep=\dimen329
\aboverulesep=\dimen330
\abovetopsep=\dimen331
\cmidrulesep=\dimen332
\cmidrulekern=\dimen333
\defaultaddspace=\dimen334
\@cmidla=\count380
\@cmidlb=\count381
\@aboverulesep=\dimen335
\@belowrulesep=\dimen336
\@thisruleclass=\count382
\@lastruleclass=\count383
\@thisrulewidth=\dimen337
)
(C:\Users\GiacomoGolino\AppData\Local\Programs\MiKTeX\tex/latex/multirow\multir
ow.sty
Package: multirow 2024/11/12 v2.9 Span multiple rows of a table
\multirow@colwidth=\skip81
\multirow@cntb=\count384
\multirow@dima=\skip82
\bigstrutjot=\dimen338
)
(C:\Users\GiacomoGolino\AppData\Local\Programs\MiKTeX\tex/latex/listings\listin
gs.sty
\lst@mode=\count385
\lst@gtempboxa=\box86
\lst@token=\toks54
\lst@length=\count386
\lst@currlwidth=\dimen339
\lst@column=\count387
\lst@pos=\count388
\lst@lostspace=\dimen340
\lst@width=\dimen341
\lst@newlines=\count389
\lst@lineno=\count390
\lst@maxwidth=\dimen342

(C:\Users\GiacomoGolino\AppData\Local\Programs\MiKTeX\tex/latex/listings\lstpat
ch.sty
File: lstpatch.sty 2025/11/14 1.11b (Carsten Heinz)
)
(C:\Users\GiacomoGolino\AppData\Local\Programs\MiKTeX\tex/latex/listings\lstmis
c.sty
File: lstmisc.sty 2025/11/14 1.11b (Carsten Heinz)
\c@lstnumber=\count391
\lst@skipnumbers=\count392
\lst@framebox=\box87
)
(C:\Users\GiacomoGolino\AppData\Local\Programs\MiKTeX\tex/latex/listings\listin
gs.cfg
File: listings.cfg 2025/11/14 1.11b listings configuration
))
Package: listings 2025/11/14 1.11b (Carsten Heinz)

==> First Aid for listings.sty no longer applied!
    Expected:
        2024/09/23 1.10c (Carsten Heinz)
    but found:
        2025/11/14 1.11b (Carsten Heinz)
    so I'm assuming it got fixed.

(C:\Users\GiacomoGolino\AppData\Local\Programs\MiKTeX\tex/latex/algorithms\algo
rithm.sty
Package: algorithm 2009/08/24 v0.1 Document Style `algorithm' - floating enviro
nment

(C:\Users\GiacomoGolino\AppData\Local\Programs\MiKTeX\tex/latex/base\ifthen.sty
Package: ifthen 2024/03/16 v1.1e Standard LaTeX ifthen package (DPC)
)
\@float@every@algorithm=\toks55
\c@algorithm=\count393
)
(C:\Users\GiacomoGolino\AppData\Local\Programs\MiKTeX\tex/latex/algorithmicx\al
gpseudocode.sty
Package: algpseudocode 

(C:\Users\GiacomoGolino\AppData\Local\Programs\MiKTeX\tex/latex/algorithmicx\al
gorithmicx.sty
Package: algorithmicx 2005/04/27 v1.2 Algorithmicx

Document Style algorithmicx 1.2 - a greatly improved `algorithmic' style
\c@ALG@line=\count394
\c@ALG@rem=\count395
\c@ALG@nested=\count396
\ALG@tlm=\skip83
\ALG@thistlm=\skip84
\c@ALG@Lnr=\count397
\c@ALG@blocknr=\count398
\c@ALG@storecount=\count399
\c@ALG@tmpcounter=\count400
\ALG@tmplength=\skip85
)
Document Style - pseudocode environments for use with the `algorithmicx' style
)
(C:\Users\GiacomoGolino\AppData\Local\Programs\MiKTeX\tex/latex/titlesec\titles
ec.sty
Package: titlesec 2025/01/04 v2.17 Sectioning titles
\ttl@box=\box88
\beforetitleunit=\skip86
\aftertitleunit=\skip87
\ttl@plus=\dimen343
\ttl@minus=\dimen344
\ttl@toksa=\toks56
\titlewidth=\dimen345
\titlewidthlast=\dimen346
\titlewidthfirst=\dimen347
)
(C:\Users\GiacomoGolino\AppData\Local\Programs\MiKTeX\tex/latex/tocloft\tocloft
.sty
Package: tocloft 2017/08/31 v2.3i parameterised ToC, etc., typesetting
Package tocloft Info: The document has chapter divisions on input line 51.
\cftparskip=\skip88
\cftbeforetoctitleskip=\skip89
\cftaftertoctitleskip=\skip90
\cftbeforepartskip=\skip91
\cftpartnumwidth=\skip92
\cftpartindent=\skip93
\cftbeforechapskip=\skip94
\cftchapindent=\skip95
\cftchapnumwidth=\skip96
\cftbeforesecskip=\skip97
\cftsecindent=\skip98
\cftsecnumwidth=\skip99
\cftbeforesubsecskip=\skip100
\cftsubsecindent=\skip101
\cftsubsecnumwidth=\skip102
\cftbeforesubsubsecskip=\skip103
\cftsubsubsecindent=\skip104
\cftsubsubsecnumwidth=\skip105
\cftbeforeparaskip=\skip106
\cftparaindent=\skip107
\cftparanumwidth=\skip108
\cftbeforesubparaskip=\skip109
\cftsubparaindent=\skip110
\cftsubparanumwidth=\skip111
\cftbeforeloftitleskip=\skip112
\cftafterloftitleskip=\skip113
\cftbeforefigskip=\skip114
\cftfigindent=\skip115
\cftfignumwidth=\skip116
\c@lofdepth=\count401
\c@lotdepth=\count402
\cftbeforelottitleskip=\skip117
\cftafterlottitleskip=\skip118
\cftbeforetabskip=\skip119
\cfttabindent=\skip120
\cfttabnumwidth=\skip121
)
(C:\Users\GiacomoGolino\AppData\Local\Programs\MiKTeX\tex/latex/biblatex\biblat
ex.sty
Package: biblatex 2025/07/10 v3.21 programmable bibliographies (PK/MW)

(C:\Users\GiacomoGolino\AppData\Local\Programs\MiKTeX\tex/latex/logreq\logreq.s
ty
Package: logreq 2010/08/04 v1.0 xml request logger
\lrq@indent=\count403

(C:\Users\GiacomoGolino\AppData\Local\Programs\MiKTeX\tex/latex/logreq\logreq.d
ef
File: logreq.def 2010/08/04 v1.0 logreq spec v1.0
))
\c@tabx@nest=\count404
\c@listtotal=\count405
\c@listcount=\count406
\c@liststart=\count407
\c@liststop=\count408
\c@citecount=\count409
\c@citetotal=\count410
\c@multicitecount=\count411
\c@multicitetotal=\count412
\c@instcount=\count413
\c@maxnames=\count414
\c@minnames=\count415
\c@maxitems=\count416
\c@minitems=\count417
\c@citecounter=\count418
\c@maxcitecounter=\count419
\c@savedcitecounter=\count420
\c@uniquelist=\count421
\c@uniquename=\count422
\c@refsection=\count423
\c@refsegment=\count424
\c@maxextratitle=\count425
\c@maxextratitleyear=\count426
\c@maxextraname=\count427
\c@maxextradate=\count428
\c@maxextraalpha=\count429
\c@abbrvpenalty=\count430
\c@highnamepenalty=\count431
\c@lownamepenalty=\count432
\c@maxparens=\count433
\c@parenlevel=\count434
\blx@tempcnta=\count435
\blx@tempcntb=\count436
\blx@tempcntc=\count437
\c@blx@maxsection=\count438
\blx@maxsegment@0=\count439
\blx@notetype=\count440
\blx@parenlevel@text=\count441
\blx@parenlevel@foot=\count442
\blx@sectionciteorder@0=\count443
\blx@sectionciteorderinternal@0=\count444
\blx@entrysetcounter=\count445
\blx@biblioinstance=\count446
\labelnumberwidth=\skip122
\labelalphawidth=\skip123
\biblabelsep=\skip124
\bibitemsep=\skip125
\bibnamesep=\skip126
\bibinitsep=\skip127
\bibparsep=\skip128
\bibhang=\skip129
\blx@bcfin=\read4
\blx@bcfout=\write4
\blx@langwohyphens=\language80
\c@mincomprange=\count447
\c@maxcomprange=\count448
\c@mincompwidth=\count449
Package biblatex Info: Trying to load biblatex default data model...
Package biblatex Info: ... file 'blx-dm.def' found.

(C:\Users\GiacomoGolino\AppData\Local\Programs\MiKTeX\tex/latex/biblatex\blx-dm
.def
File: blx-dm.def 2025/07/10 v3.21 biblatex datamodel (PK/MW)
)
Package biblatex Info: Trying to load biblatex style data model...
Package biblatex Info: ... file 'numeric.dbx' not found.
Package biblatex Info: Trying to load biblatex custom data model...
Package biblatex Info: ... file 'biblatex-dm.cfg' not found.
\c@afterword=\count450
\c@savedafterword=\count451
\c@annotator=\count452
\c@savedannotator=\count453
\c@author=\count454
\c@savedauthor=\count455
\c@bookauthor=\count456
\c@savedbookauthor=\count457
\c@commentator=\count458
\c@savedcommentator=\count459
\c@editor=\count460
\c@savededitor=\count461
\c@editora=\count462
\c@savededitora=\count463
\c@editorb=\count464
\c@savededitorb=\count465
\c@editorc=\count466
\c@savededitorc=\count467
\c@foreword=\count468
\c@savedforeword=\count469
\c@holder=\count470
\c@savedholder=\count471
\c@introduction=\count472
\c@savedintroduction=\count473
\c@namea=\count474
\c@savednamea=\count475
\c@nameb=\count476
\c@savednameb=\count477
\c@namec=\count478
\c@savednamec=\count479
\c@translator=\count480
\c@savedtranslator=\count481
\c@shortauthor=\count482
\c@savedshortauthor=\count483
\c@shorteditor=\count484
\c@savedshorteditor=\count485
\c@labelname=\count486
\c@savedlabelname=\count487
\c@institution=\count488
\c@savedinstitution=\count489
\c@lista=\count490
\c@savedlista=\count491
\c@listb=\count492
\c@savedlistb=\count493
\c@listc=\count494
\c@savedlistc=\count495
\c@listd=\count496
\c@savedlistd=\count497
\c@liste=\count498
\c@savedliste=\count499
\c@listf=\count500
\c@savedlistf=\count501
\c@location=\count502
\c@savedlocation=\count503
\c@organization=\count504
\c@savedorganization=\count505
\c@origlocation=\count506
\c@savedoriglocation=\count507
\c@origpublisher=\count508
\c@savedorigpublisher=\count509
\c@publisher=\count510
\c@savedpublisher=\count511
\c@language=\count512
\c@savedlanguage=\count513
\c@origlanguage=\count514
\c@savedoriglanguage=\count515
\c@pageref=\count516
\c@savedpageref=\count517
\shorthandwidth=\skip130
\shortjournalwidth=\skip131
\shortserieswidth=\skip132
\shorttitlewidth=\skip133
\shortauthorwidth=\skip134
\shorteditorwidth=\skip135
\locallabelnumberwidth=\skip136
\locallabelalphawidth=\skip137
\localshorthandwidth=\skip138
\localshortjournalwidth=\skip139
\localshortserieswidth=\skip140
\localshorttitlewidth=\skip141
\localshortauthorwidth=\skip142
\localshorteditorwidth=\skip143
Package biblatex Info: Trying to load compatibility code...
Package biblatex Info: ... file 'blx-compat.def' found.

(C:\Users\GiacomoGolino\AppData\Local\Programs\MiKTeX\tex/latex/biblatex\blx-co
mpat.def
File: blx-compat.def 2025/07/10 v3.21 biblatex compatibility (PK/MW)
)
Package biblatex Info: Trying to load generic definitions...
Package biblatex Info: ... file 'biblatex.def' found.

(C:\Users\GiacomoGolino\AppData\Local\Programs\MiKTeX\tex/latex/biblatex\biblat
ex.def
File: biblatex.def 2025/07/10 v3.21 biblatex compatibility (PK/MW)
\c@textcitecount=\count518
\c@textcitetotal=\count519
\c@textcitemaxnames=\count520
\c@biburlbigbreakpenalty=\count521
\c@biburlbreakpenalty=\count522
\c@biburlnumpenalty=\count523
\c@biburlucpenalty=\count524
\c@biburllcpenalty=\count525
\biburlbigskip=\muskip19
\biburlnumskip=\muskip20
\biburlucskip=\muskip21
\biburllcskip=\muskip22
\c@smartand=\count526
)
Package biblatex Info: Trying to load bibliography style 'numeric'...
Package biblatex Info: ... file 'numeric.bbx' found.

(C:\Users\GiacomoGolino\AppData\Local\Programs\MiKTeX\tex/latex/biblatex/bbx\nu
meric.bbx
File: numeric.bbx 2025/07/10 v3.21 biblatex bibliography style (PK/MW)
Package biblatex Info: Trying to load bibliography style 'standard'...
Package biblatex Info: ... file 'standard.bbx' found.

(C:\Users\GiacomoGolino\AppData\Local\Programs\MiKTeX\tex/latex/biblatex/bbx\st
andard.bbx
File: standard.bbx 2025/07/10 v3.21 biblatex bibliography style (PK/MW)
\c@bbx:relatedcount=\count527
\c@bbx:relatedtotal=\count528
))
Package biblatex Info: Trying to load citation style 'numeric'...
Package biblatex Info: ... file 'numeric.cbx' found.

(C:\Users\GiacomoGolino\AppData\Local\Programs\MiKTeX\tex/latex/biblatex/cbx\nu
meric.cbx
File: numeric.cbx 2025/07/10 v3.21 biblatex citation style (PK/MW)
Package biblatex Info: Redefining '\cite'.
Package biblatex Info: Redefining '\parencite'.
Package biblatex Info: Redefining '\footcite'.
Package biblatex Info: Redefining '\footcitetext'.
Package biblatex Info: Redefining '\smartcite'.
Package biblatex Info: Redefining '\supercite'.
Package biblatex Info: Redefining '\textcite'.
Package biblatex Info: Redefining '\textcites'.
Package biblatex Info: Redefining '\cites'.
Package biblatex Info: Redefining '\parencites'.
Package biblatex Info: Redefining '\smartcites'.
)
Package biblatex Info: Trying to load configuration file...
Package biblatex Info: ... file 'biblatex.cfg' found.

(C:\Users\GiacomoGolino\AppData\Local\Programs\MiKTeX\tex/latex/biblatex\biblat
ex.cfg
File: biblatex.cfg 
)
Package biblatex Info: Input encoding 'utf8' detected.
Package biblatex Info: Document encoding is UTF8 ....

(C:\Users\GiacomoGolino\AppData\Local\Programs\MiKTeX\tex/latex/l3kernel\expl3.
sty
Package: expl3 2025-12-24 L3 programming layer (loader) 

(C:\Users\GiacomoGolino\AppData\Local\Programs\MiKTeX\tex/latex/l3backend\l3bac
kend-pdftex.def
File: l3backend-pdftex.def 2025-10-09 L3 backend support: PDF output (pdfTeX)
\l__color_backend_stack_int=\count529
))
Package biblatex Info: ... and expl3
(biblatex)             2025-12-24 L3 programming layer (loader) 
(biblatex)             is new enough (at least 2020/04/06),
(biblatex)             setting 'casechanger=expl3'.

(C:\Users\GiacomoGolino\AppData\Local\Programs\MiKTeX\tex/latex/biblatex\blx-ca
se-expl3.sty
(C:\Users\GiacomoGolino\AppData\Local\Programs\MiKTeX\tex/latex/l3packages/xpar
se\xparse.sty
Package: xparse 2025-10-09 L3 Experimental document command parser
)
Package: blx-case-expl3 2025/07/10 v3.21 expl3 case changing code for biblatex
))
(C:\Users\GiacomoGolino\AppData\Local\Programs\MiKTeX\tex/latex/comment\comment
.sty
\CommentStream=\write5
 Excluding comment 'comment')
(C:\Users\GiacomoGolino\AppData\Local\Programs\MiKTeX\tex/latex/lipsum\lipsum.s
ty
(C:\Users\GiacomoGolino\AppData\Local\Programs\MiKTeX\tex/latex/l3packages/l3ke
ys2e\l3keys2e.sty
Package: l3keys2e 2025-10-09 LaTeX2e option processing using LaTeX3 keys
)
Package: lipsum 2021-09-20 v2.7 150 paragraphs of Lorem Ipsum dummy text
\g__lipsum_par_int=\count530
\l__lipsum_a_int=\count531
\l__lipsum_b_int=\count532

(C:\Users\GiacomoGolino\AppData\Local\Programs\MiKTeX\tex/latex/lipsum\lipsum.l
td.tex))
*geometry* verbose mode - [ newgeometry ] result:
* driver: 
* paper: a4paper
* layout: <same size as paper>
* layoutoffset:(h,v)=(0.0pt,0.0pt)
* modes: 
* h-part:(L,W,R)=(85.35826pt, 426.79135pt, 85.35826pt)
* v-part:(T,H,B)=(85.35826pt, 674.33032pt, 85.35826pt)
* \paperwidth=597.50787pt
* \paperheight=845.04684pt
* \textwidth=426.79135pt
* \textheight=674.33032pt
* \oddsidemargin=13.08827pt
* \evensidemargin=13.08827pt
* \topmargin=-18.78552pt
* \headheight=12.0pt
* \headsep=19.8738pt
* \topskip=12.0pt
* \footskip=30.0pt
* \marginparwidth=38.0pt
* \marginparsep=7.0pt
* \columnsep=10.0pt
* \skip\footins=10.8pt plus 4.0pt minus 2.0pt
* \hoffset=0.0pt
* \voffset=0.0pt
* \mag=1000
* \@twocolumnfalse
* \@twosidefalse
* \@mparswitchfalse
* \@reversemarginfalse
* (1in=72.27pt=25.4mm, 1cm=28.453pt)


(C:\Users\GiacomoGolino\AppData\Local\Programs\MiKTeX\tex/latex/tools\afterpage
.sty
Package: afterpage 2023/07/04 v1.08 After-Page Package (DPC)
\AP@output=\toks57
\AP@partial=\box89
\AP@footins=\box90
)
Package csquotes Info: Checking for multilingual support...
Package csquotes Info: ... found 'babel' package.
Package csquotes Info: Adjusting default style.
Package csquotes Info: Redefining alias 'default' -> 'italian'.
 (main.aux)
\openout1 = `main.aux'.

LaTeX Font Info:    Checking defaults for OML/cmm/m/it on input line 167.
LaTeX Font Info:    ... okay on input line 167.
LaTeX Font Info:    Checking defaults for OMS/cmsy/m/n on input line 167.
LaTeX Font Info:    ... okay on input line 167.
LaTeX Font Info:    Checking defaults for OT1/cmr/m/n on input line 167.
LaTeX Font Info:    ... okay on input line 167.
LaTeX Font Info:    Checking defaults for T1/cmr/m/n on input line 167.
LaTeX Font Info:    ... okay on input line 167.
LaTeX Font Info:    Checking defaults for TS1/cmr/m/n on input line 167.
LaTeX Font Info:    ... okay on input line 167.
LaTeX Font Info:    Checking defaults for OMX/cmex/m/n on input line 167.
LaTeX Font Info:    ... okay on input line 167.
LaTeX Font Info:    Checking defaults for U/cmr/m/n on input line 167.
LaTeX Font Info:    ... okay on input line 167.
LaTeX Font Info:    Checking defaults for PD1/pdf/m/n on input line 167.
LaTeX Font Info:    ... okay on input line 167.
LaTeX Font Info:    Checking defaults for PU/pdf/m/n on input line 167.
LaTeX Font Info:    ... okay on input line 167.
LaTeX Info: Redefining \it@ocap on input line 167.
LaTeX Info: Redefining \it@ccap on input line 167.

*geometry* driver: auto-detecting
*geometry* detected driver: pdftex
*geometry* verbose mode - [ preamble ] result:
* driver: pdftex
* paper: a4paper
* layout: <same size as paper>
* layoutoffset:(h,v)=(0.0pt,0.0pt)
* modes: 
* h-part:(L,W,R)=(85.35826pt, 426.79135pt, 85.35826pt)
* v-part:(T,H,B)=(85.35826pt, 674.33032pt, 85.35826pt)
* \paperwidth=597.50787pt
* \paperheight=845.04684pt
* \textwidth=426.79135pt
* \textheight=674.33032pt
* \oddsidemargin=13.08827pt
* \evensidemargin=13.08827pt
* \topmargin=-18.78552pt
* \headheight=12.0pt
* \headsep=19.8738pt
* \topskip=12.0pt
* \footskip=30.0pt
* \marginparwidth=38.0pt
* \marginparsep=7.0pt
* \columnsep=10.0pt
* \skip\footins=10.8pt plus 4.0pt minus 2.0pt
* \hoffset=0.0pt
* \voffset=0.0pt
* \mag=1000
* \@twocolumnfalse
* \@twosidefalse
* \@mparswitchfalse
* \@reversemarginfalse
* (1in=72.27pt=25.4mm, 1cm=28.453pt)

Package translations Info: no dictionary file `translations-basic-dictionary-it
alian.trsl' found. on input line 167.

(C:\Users\GiacomoGolino\AppData\Local\Programs\MiKTeX\tex/context/base/mkii\sup
p-pdf.mkii
[Loading MPS to PDF converter (version 2006.09.02).]
\scratchcounter=\count533
\scratchdimen=\dimen348
\scratchbox=\box91
\nofMPsegments=\count534
\nofMParguments=\count535
\everyMPshowfont=\toks58
\MPscratchCnt=\count536
\MPscratchDim=\dimen349
\MPnumerator=\count537
\makeMPintoPDFobject=\count538
\everyMPtoPDFconversion=\toks59
)
(C:\Users\GiacomoGolino\AppData\Local\Programs\MiKTeX\tex/latex/epstopdf-pkg\ep
stopdf-base.sty
Package: epstopdf-base 2020-01-24 v2.11 Base part for package epstopdf
Package epstopdf-base Info: Redefining graphics rule for `.eps' on input line 4
85.

(C:\Users\GiacomoGolino\AppData\Local\Programs\MiKTeX\tex/latex/00miktex\epstop
df-sys.cfg
File: epstopdf-sys.cfg 2021/03/18 v2.0 Configuration of epstopdf for MiKTeX
))
Package pgfplots notification 'compat/show suggested version=true': document ha
s been generated with the most recent feature set (\pgfplotsset{compat=1.18}).

Package caption Info: Begin \AtBeginDocument code.
Package caption Info: hyperref package is loaded.
Package caption Info: listings package is loaded.
Package caption Info: longtable package is loaded.

(C:\Users\GiacomoGolino\AppData\Local\Programs\MiKTeX\tex/latex/caption\ltcapti
on.sty
Package: ltcaption 2021/01/08 v1.4c longtable captions (AR)
)
Package caption Info: End \AtBeginDocument code.
Package hyperref Info: Link coloring OFF on input line 167.
 (main.out) (main.out)
\@outlinefile=\write6
\openout6 = `main.out'.

\c@lstlisting=\count539
Package biblatex Info: Trying to load language 'italian'...
Package biblatex Info: ... file 'italian.lbx' found.

(C:\Users\GiacomoGolino\AppData\Local\Programs\MiKTeX\tex/latex/biblatex/lbx\it
alian.lbx
File: italian.lbx 2025/07/10 v3.21 biblatex localization (PK/MW)
)
Package biblatex Info: Input encoding 'utf8' detected.
Package biblatex Info: Automatic encoding selection.
(biblatex)             Assuming data encoding 'utf8'.
\openout4 = `main.bcf'.

Package biblatex Info: Trying to load bibliographic data...
Package biblatex Info: ... file 'main.bbl' found.
 (main.bbl)
Package biblatex Info: Reference section=0 on input line 167.
Package biblatex Info: Reference segment=0 on input line 167.
 (0 - Intestazioni extra/title.tex
<images/logo.png, id=142, 165.0165pt x 68.05424pt>
File: images/logo.png Graphic file (type png)
<use images/logo.png>
Package pdftex.def Info: images/logo.png  used on input line 4.
(pdftex.def)             Requested size: 205.99814pt x 85.36664pt.
 [1



{C:/Users/GiacomoGolino/AppData/Local/MiKTeX/fonts/map/pdftex/pdftex.map} <./im
ages/logo.png>])
[0

] (main.toc [1

])
\tf@toc=\write7
\openout7 = `main.toc'.

 (0 - Intestazioni extra/Introduzione.tex [2]) [3

]
(1 - Capitoli/Capitolo 1.tex
Capitolo 1.
) (1 - Capitoli/Capitolo 2 - Stato dell'arte.tex
pdfTeX warning (ext4): destination with the same identifier (name{page.1}) has 
been already used, duplicate ignored
<to be read again> 
                   \relax 
l.3 \chapter
            {Stato dell'arte} [1


]
Capitolo 2.
[2

]
Overfull \hbox (1.56789pt too wide) in paragraph at lines 33--34
[]\T1/cmr/m/n/12 Alcuni stu-di han-no evi-den-zia-to co-me la pro-gram-ma-zio-n
e di ti-po \T1/cmr/m/it/12 trigger-action \T1/cmr/m/n/12 (TAP)
 []

<images/Chap - 2/Trigger and actions - no background.png, id=225, 1195.46625pt 
x 1164.35pt>
File: images/Chap - 2/Trigger and actions - no background.png Graphic file (typ
e png)
<use images/Chap - 2/Trigger and actions - no background.png>
Package pdftex.def Info: images/Chap - 2/Trigger and actions - no background.pn
g  used on input line 39.
(pdftex.def)             Requested size: 320.0935pt x 311.76703pt.
[3] [4 <./images/Chap - 2/Trigger and actions - no background.png>]
Underfull \hbox (badness 10000) in paragraph at lines 85--86

 []

[5]
Underfull \hbox (badness 10000) in paragraph at lines 87--89

 []

[6] [7]
Underfull \hbox (badness 10000) in paragraph at lines 143--146

 []

<images/Chap - 2/ifttt example.png, id=260, 737.00343pt x 386.19281pt>
File: images/Chap - 2/ifttt example.png Graphic file (type png)
<use images/Chap - 2/ifttt example.png>
Package pdftex.def Info: images/Chap - 2/ifttt example.png  used on input line 
149.
(pdftex.def)             Requested size: 341.43437pt x 178.9119pt.
[8]
<images/Chap - 2/homeassistant_gui.png, id=271, 1017.8025pt x 496.10344pt>
File: images/Chap - 2/homeassistant_gui.png Graphic file (type png)
<use images/Chap - 2/homeassistant_gui.png>
Package pdftex.def Info: images/Chap - 2/homeassistant_gui.png  used on input l
ine 167.
(pdftex.def)             Requested size: 426.79135pt x 208.02895pt.
 [9 <./images/Chap - 2/ifttt example.png>]
<images/Chap - 2/homeassistant_yaml.png, id=279, 758.835pt x 298.86656pt>
File: images/Chap - 2/homeassistant_yaml.png Graphic file (type png)
<use images/Chap - 2/homeassistant_yaml.png>
Package pdftex.def Info: images/Chap - 2/homeassistant_yaml.png  used on input 
line 177.
(pdftex.def)             Requested size: 426.79135pt x 168.09377pt.
 [10 <./images/Chap - 2/homeassistant_gui.png> <./images/Chap - 2/homeassistant
_yaml.png>]
Underfull \hbox (badness 10000) in paragraph at lines 190--192

 []

<images/Chap - 2/rednode 2.png, id=289, 1069.9975pt x 715.67375pt>
File: images/Chap - 2/rednode 2.png Graphic file (type png)
<use images/Chap - 2/rednode 2.png>
Package pdftex.def Info: images/Chap - 2/rednode 2.png  used on input line 195.

(pdftex.def)             Requested size: 426.79135pt x 285.46724pt.
[11] [12 <./images/Chap - 2/rednode 2.png (PNG copy)>] [13] [14] [15]
Underfull \hbox (badness 10000) in paragraph at lines 315--318

 []

[16] [17]
<images/Chap - 2/Multimodal.png, id=382, 2593.69pt x 481.8pt>
File: images/Chap - 2/Multimodal.png Graphic file (type png)
<use images/Chap - 2/Multimodal.png>
Package pdftex.def Info: images/Chap - 2/Multimodal.png  used on input line 354
.
(pdftex.def)             Requested size: 426.79135pt x 79.28036pt.
 [18 <./images/Chap - 2/Multimodal.png>] [19])
(1 - Capitoli/Capitolo 3 - Architettura.tex [20]
Capitolo 3.
<images/Chap - 3/architecture.png, id=408, 1426.32875pt x 1194.4625pt>
File: images/Chap - 3/architecture.png Graphic file (type png)
<use images/Chap - 3/architecture.png>
Package pdftex.def Info: images/Chap - 3/architecture.png  used on input line 1
5.
(pdftex.def)             Requested size: 426.79135pt x 357.41199pt.
[21

] [22 <./images/Chap - 3/architecture.png>] [23] [24]
Underfull \hbox (badness 10000) in paragraph at lines 87--88

 []

<images/Chap - 3/Simulation/simulation 1.png, id=436, 232.87pt x 383.4325pt>
File: images/Chap - 3/Simulation/simulation 1.png Graphic file (type png)
<use images/Chap - 3/Simulation/simulation 1.png>
Package pdftex.def Info: images/Chap - 3/Simulation/simulation 1.png  used on i
nput line 91.
(pdftex.def)             Requested size: 128.0387pt x 210.83002pt.

Underfull \hbox (badness 10000) in paragraph at lines 98--99

 []

<images/Chap - 3/Simulation/simulation 2.png, id=438, 249.93375pt x 390.45876pt
>
File: images/Chap - 3/Simulation/simulation 2.png Graphic file (type png)
<use images/Chap - 3/Simulation/simulation 2.png>
Package pdftex.def Info: images/Chap - 3/Simulation/simulation 2.png  used on i
nput line 102.
(pdftex.def)             Requested size: 128.0387pt x 200.03693pt.
[25 <./images/Chap - 3/Simulation/simulation 1.png>]
Underfull \hbox (badness 10000) in paragraph at lines 107--108

 []

<images/Chap - 3/Simulation/simulation 3.png, id=447, 588.1975pt x 279.0425pt>
File: images/Chap - 3/Simulation/simulation 3.png Graphic file (type png)
<use images/Chap - 3/Simulation/simulation 3.png>
Package pdftex.def Info: images/Chap - 3/Simulation/simulation 3.png  used on i
nput line 111.
(pdftex.def)             Requested size: 341.43437pt x 161.97675pt.
[26 <./images/Chap - 3/Simulation/simulation 2.png> <./images/Chap - 3/Simulati
on/simulation 3.png>]
Underfull \hbox (badness 10000) in paragraph at lines 119--120

 []

<images/Chap - 3//Simulation/simulation 4.png, id=457, 232.87pt x 382.42876pt>
File: images/Chap - 3//Simulation/simulation 4.png Graphic file (type png)
<use images/Chap - 3//Simulation/simulation 4.png>
Package pdftex.def Info: images/Chap - 3//Simulation/simulation 4.png  used on 
input line 123.
(pdftex.def)             Requested size: 128.0387pt x 210.2781pt.
[27 <./images/Chap - 3//Simulation/simulation 4.png>]
Underfull \hbox (badness 10000) in paragraph at lines 130--131

 []

<images/Chap - 3//Simulation/simulation 8.png, id=466, 725.71124pt x 104.39pt>
File: images/Chap - 3//Simulation/simulation 8.png Graphic file (type png)
<use images/Chap - 3//Simulation/simulation 8.png>
Package pdftex.def Info: images/Chap - 3//Simulation/simulation 8.png  used on 
input line 134.
(pdftex.def)             Requested size: 341.43437pt x 49.11426pt.

Underfull \hbox (badness 10000) in paragraph at lines 139--140

 []

<images/Chap - 3//Simulation/simulation 5.png, id=468, 249.93375pt x 391.4625pt
>
File: images/Chap - 3//Simulation/simulation 5.png Graphic file (type png)
<use images/Chap - 3//Simulation/simulation 5.png>
Package pdftex.def Info: images/Chap - 3//Simulation/simulation 5.png  used on 
input line 143.
(pdftex.def)             Requested size: 128.0387pt x 200.55115pt.
[28 <./images/Chap - 3//Simulation/simulation 8.png>]
Underfull \hbox (badness 10000) in paragraph at lines 148--150

 []

<images/Chap - 3//Simulation/simulation 9.png, id=475, 725.71124pt x 91.34125pt
>
File: images/Chap - 3//Simulation/simulation 9.png Graphic file (type png)
<use images/Chap - 3//Simulation/simulation 9.png>
Package pdftex.def Info: images/Chap - 3//Simulation/simulation 9.png  used on 
input line 153.
(pdftex.def)             Requested size: 341.43437pt x 42.97498pt.
[29 <./images/Chap - 3//Simulation/simulation 5.png> <./images/Chap - 3//Simula
tion/simulation 9.png>]
<images/Chap - 3//Home Integration/home_1.png, id=483, 703.62875pt x 547.04375p
t>
File: images/Chap - 3//Home Integration/home_1.png Graphic file (type png)
<use images/Chap - 3//Home Integration/home_1.png>
Package pdftex.def Info: images/Chap - 3//Home Integration/home_1.png  used on 
input line 173.
(pdftex.def)             Requested size: 298.75264pt x 232.26096pt.
 [30]
Underfull \hbox (badness 10000) in paragraph at lines 180--181

 []

<images/Chap - 3//Home Integration/home_2.png, id=490, 636.3775pt x 188.705pt>
File: images/Chap - 3//Home Integration/home_2.png Graphic file (type png)
<use images/Chap - 3//Home Integration/home_2.png>
Package pdftex.def Info: images/Chap - 3//Home Integration/home_2.png  used on 
input line 184.
(pdftex.def)             Requested size: 341.43437pt x 101.24554pt.
[31 <./images/Chap - 3//Home Integration/home_1.png>]
Underfull \hbox (badness 10000) in paragraph at lines 189--190

 []

<images/Chap - 3//Home Integration/home_3.png, id=498, 791.95876pt x 525.965pt>

File: images/Chap - 3//Home Integration/home_3.png Graphic file (type png)
<use images/Chap - 3//Home Integration/home_3.png>
Package pdftex.def Info: images/Chap - 3//Home Integration/home_3.png  used on 
input line 193.
(pdftex.def)             Requested size: 341.43437pt x 226.76245pt.

Underfull \hbox (badness 10000) in paragraph at lines 198--199

 []

[32 <./images/Chap - 3//Home Integration/home_2.png> <./images/Chap - 3//Home I
ntegration/home_3.png>]
<images/Chap - 3//Home Integration/home_4.png, id=508, 703.62875pt x 547.04375p
t>
File: images/Chap - 3//Home Integration/home_4.png Graphic file (type png)
<use images/Chap - 3//Home Integration/home_4.png>
Package pdftex.def Info: images/Chap - 3//Home Integration/home_4.png  used on 
input line 202.
(pdftex.def)             Requested size: 256.07741pt x 199.08917pt.
 [33 <./images/Chap - 3//Home Integration/home_4.png>]
Underfull \hbox (badness 10000) in paragraph at lines 212--213

 []

<images/Chap - 3/Configuration/configuration_1.png, id=516, 260.975pt x 489.83p
t>
File: images/Chap - 3/Configuration/configuration_1.png Graphic file (type png)

<use images/Chap - 3/Configuration/configuration_1.png>
Package pdftex.def Info: images/Chap - 3/Configuration/configuration_1.png  use
d on input line 216.
(pdftex.def)             Requested size: 138.70587pt x 260.34113pt.
[34 <./images/Chap - 3/Configuration/configuration_1.png>]
Underfull \hbox (badness 10000) in paragraph at lines 234--235

 []

<images/Chap - 3//Data/data_1.png, id=524, 258.9675pt x 489.83pt>
File: images/Chap - 3//Data/data_1.png Graphic file (type png)
<use images/Chap - 3//Data/data_1.png>
Package pdftex.def Info: images/Chap - 3//Data/data_1.png  used on input line 2
38.
(pdftex.def)             Requested size: 128.0387pt x 242.19379pt.
[35 <./images/Chap - 3//Data/data_1.png>] [36]
Underfull \hbox (badness 10000) in paragraph at lines 251--252

 []

<images/Chap - 3//Home/home_fis_1.png, id=541, 309.155pt x 533.995pt>
File: images/Chap - 3//Home/home_fis_1.png Graphic file (type png)
<use images/Chap - 3//Home/home_fis_1.png>
Package pdftex.def Info: images/Chap - 3//Home/home_fis_1.png  used on input li
ne 255.
(pdftex.def)             Requested size: 149.37958pt x 258.02579pt.
[37] [38 <./images/Chap - 3//Home/home_fis_1.png>])
(1 - Capitoli/Capitolo 4 - Progettazione e Implementazione.tex [39]
Capitolo 4.

Overfull \hbox (20.946pt too wide) in paragraph at lines 1--1
|[]\T1/cmr/bx/n/24.88 Progettazione e im-ple-men-ta-zio-ne del-
 []

[40

]
<images/Chap - 4/Consumptions.png, id=563, 1927.2pt x 1084.05pt>
File: images/Chap - 4/Consumptions.png Graphic file (type png)
<use images/Chap - 4/Consumptions.png>
Package pdftex.def Info: images/Chap - 4/Consumptions.png  used on input line 2
7.
(pdftex.def)             Requested size: 426.79135pt x 240.06316pt.
<images/Chap - 4/Automations.png, id=565, 1927.2pt x 1084.05pt>
File: images/Chap - 4/Automations.png Graphic file (type png)
<use images/Chap - 4/Automations.png>
Package pdftex.def Info: images/Chap - 4/Automations.png  used on input line 36
.
(pdftex.def)             Requested size: 426.79135pt x 240.06316pt.
 [41 <./images/Chap - 4/Consumptions.png>]
<images/Chap - 4/Frame 2610521.png, id=574, 600.2425pt x 675.52374pt>
File: images/Chap - 4/Frame 2610521.png Graphic file (type png)
<use images/Chap - 4/Frame 2610521.png>
Package pdftex.def Info: images/Chap - 4/Frame 2610521.png  used on input line 
45.
(pdftex.def)             Requested size: 256.07741pt x 288.20186pt.
 [42 <./images/Chap - 4/Automations.png>]
<images/Chap - 4/Timespan=Day, Mode=Total energy, Graph=Bar, Date=Current.png, 
id=583, 763.85374pt x 473.77pt>
File: images/Chap - 4/Timespan=Day, Mode=Total energy, Graph=Bar, Date=Current.
png Graphic file (type png)
<use images/Chap - 4/Timespan=Day, Mode=Total energy, Graph=Bar, Date=Current.p
ng>
Package pdftex.def Info: images/Chap - 4/Timespan=Day, Mode=Total energy, Graph
=Bar, Date=Current.png  used on input line 57.
(pdftex.def)             Requested size: 405.45047pt x 251.47282pt.
 [43 <./images/Chap - 4/Frame 2610521.png>]
<images/Chap - 4/Timespan=Day, Mode=Total energy, Graph=Bar, Date=Past.png, id=
591, 763.85374pt x 473.77pt>
File: images/Chap - 4/Timespan=Day, Mode=Total energy, Graph=Bar, Date=Past.png
 Graphic file (type png)
<use images/Chap - 4/Timespan=Day, Mode=Total energy, Graph=Bar, Date=Past.png>

Package pdftex.def Info: images/Chap - 4/Timespan=Day, Mode=Total energy, Graph
=Bar, Date=Past.png  used on input line 64.
(pdftex.def)             Requested size: 405.45047pt x 251.47282pt.
<images/Chap - 4/Timespan=Week, Mode=Total energy, Graph=Bar, Date=Current.png,
 id=594, 763.85374pt x 473.77pt>
File: images/Chap - 4/Timespan=Week, Mode=Total energy, Graph=Bar, Date=Current
.png Graphic file (type png)
<use images/Chap - 4/Timespan=Week, Mode=Total energy, Graph=Bar, Date=Current.
png>
Package pdftex.def Info: images/Chap - 4/Timespan=Week, Mode=Total energy, Grap
h=Bar, Date=Current.png  used on input line 73.
(pdftex.def)             Requested size: 405.45047pt x 251.47282pt.
 [44 <./images/Chap - 4/Timespan=Day, Mode=Total energy, Graph=Bar, Date=Curren
t.png> <./images/Chap - 4/Timespan=Day, Mode=Total energy, Graph=Bar, Date=Past
.png>]
<images/Chap - 4/Timespan=Week, Mode=Total energy, Graph=Bar, Date=Past.png, id
=604, 763.85374pt x 473.77pt>
File: images/Chap - 4/Timespan=Week, Mode=Total energy, Graph=Bar, Date=Past.pn
g Graphic file (type png)
<use images/Chap - 4/Timespan=Week, Mode=Total energy, Graph=Bar, Date=Past.png
>
Package pdftex.def Info: images/Chap - 4/Timespan=Week, Mode=Total energy, Grap
h=Bar, Date=Past.png  used on input line 80.
(pdftex.def)             Requested size: 405.45047pt x 251.47282pt.
<images/Chap - 4/Timespan=Year, Mode=Total energy, Graph=Bar, Date=Current.png,
 id=607, 763.85374pt x 473.77pt>
File: images/Chap - 4/Timespan=Year, Mode=Total energy, Graph=Bar, Date=Current
.png Graphic file (type png)
<use images/Chap - 4/Timespan=Year, Mode=Total energy, Graph=Bar, Date=Current.
png>
Package pdftex.def Info: images/Chap - 4/Timespan=Year, Mode=Total energy, Grap
h=Bar, Date=Current.png  used on input line 89.
(pdftex.def)             Requested size: 405.45047pt x 251.47282pt.
 [45 <./images/Chap - 4/Timespan=Week, Mode=Total energy, Graph=Bar, Date=Curre
nt.png> <./images/Chap - 4/Timespan=Week, Mode=Total energy, Graph=Bar, Date=Pa
st.png>]
<images/Chap - 4/Timespan=Year, Mode=Total energy, Graph=Bar, Date=Past.png, id
=616, 763.85374pt x 473.77pt>
File: images/Chap - 4/Timespan=Year, Mode=Total energy, Graph=Bar, Date=Past.pn
g Graphic file (type png)
<use images/Chap - 4/Timespan=Year, Mode=Total energy, Graph=Bar, Date=Past.png
>
Package pdftex.def Info: images/Chap - 4/Timespan=Year, Mode=Total energy, Grap
h=Bar, Date=Past.png  used on input line 96.
(pdftex.def)             Requested size: 405.45047pt x 251.47282pt.
<images/Chap - 4/Timespan=Day, Mode=Predicted energy, Graph=Bar-Line, Date=Curr
ent.png, id=619, 763.85374pt x 473.77pt>
File: images/Chap - 4/Timespan=Day, Mode=Predicted energy, Graph=Bar-Line, Date
=Current.png Graphic file (type png)
<use images/Chap - 4/Timespan=Day, Mode=Predicted energy, Graph=Bar-Line, Date=
Current.png>
Package pdftex.def Info: images/Chap - 4/Timespan=Day, Mode=Predicted energy, G
raph=Bar-Line, Date=Current.png  used on input line 105.
(pdftex.def)             Requested size: 405.45047pt x 251.47282pt.
 [46 <./images/Chap - 4/Timespan=Year, Mode=Total energy, Graph=Bar, Date=Curre
nt.png> <./images/Chap - 4/Timespan=Year, Mode=Total energy, Graph=Bar, Date=Pa
st.png>]
<images/Chap - 4/Timespan=Week, Mode=Predicted energy, Graph=Bar, Date=Current.
png, id=628, 763.85374pt x 473.77pt>
File: images/Chap - 4/Timespan=Week, Mode=Predicted energy, Graph=Bar, Date=Cur
rent.png Graphic file (type png)
<use images/Chap - 4/Timespan=Week, Mode=Predicted energy, Graph=Bar, Date=Curr
ent.png>
Package pdftex.def Info: images/Chap - 4/Timespan=Week, Mode=Predicted energy, 
Graph=Bar, Date=Current.png  used on input line 112.
(pdftex.def)             Requested size: 405.45047pt x 251.47282pt.
<images/Chap - 4/Timespan=Day, Mode=Appliance energy, Graph=Bar, Date=Past.png,
 id=633, 739.76375pt x 449.68pt>
File: images/Chap - 4/Timespan=Day, Mode=Appliance energy, Graph=Bar, Date=Past
.png Graphic file (type png)
<use images/Chap - 4/Timespan=Day, Mode=Appliance energy, Graph=Bar, Date=Past.
png>
Package pdftex.def Info: images/Chap - 4/Timespan=Day, Mode=Appliance energy, G
raph=Bar, Date=Past.png  used on input line 121.
(pdftex.def)             Requested size: 405.45047pt x 246.4602pt.

[47 <./images/Chap - 4/Timespan=Day, Mode=Predicted energy, Graph=Bar-Line, Dat
e=Current.png> <./images/Chap - 4/Timespan=Week, Mode=Predicted energy, Graph=B
ar, Date=Current.png>]
<images/Chap - 4/Timespan=Day, Mode=Appliance energy, Graph=Pie, Date=Past.png,
 id=642, 739.76375pt x 449.68pt>
File: images/Chap - 4/Timespan=Day, Mode=Appliance energy, Graph=Pie, Date=Past
.png Graphic file (type png)
<use images/Chap - 4/Timespan=Day, Mode=Appliance energy, Graph=Pie, Date=Past.
png>
Package pdftex.def Info: images/Chap - 4/Timespan=Day, Mode=Appliance energy, G
raph=Pie, Date=Past.png  used on input line 128.
(pdftex.def)             Requested size: 405.45047pt x 246.4602pt.
<images/Chap - 4/Timespan=Day, Mode=Automation energy, Graph=Bar, Date=Past.png
, id=643, 739.76375pt x 449.68pt>
File: images/Chap - 4/Timespan=Day, Mode=Automation energy, Graph=Bar, Date=Pas
t.png Graphic file (type png)
<use images/Chap - 4/Timespan=Day, Mode=Automation energy, Graph=Bar, Date=Past
.png>
Package pdftex.def Info: images/Chap - 4/Timespan=Day, Mode=Automation energy, 
Graph=Bar, Date=Past.png  used on input line 135.
(pdftex.def)             Requested size: 405.45047pt x 246.4602pt.
 [48 <./images/Chap - 4/Timespan=Day, Mode=Appliance energy, Graph=Bar, Date=Pa
st.png> <./images/Chap - 4/Timespan=Day, Mode=Appliance energy, Graph=Pie, Date
=Past.png>]
<images/Chap - 4/Timespan=Day, Mode=Automation energy, Graph=Pie, Date=Past.png
, id=652, 739.76375pt x 449.68pt>
File: images/Chap - 4/Timespan=Day, Mode=Automation energy, Graph=Pie, Date=Pas
t.png Graphic file (type png)
<use images/Chap - 4/Timespan=Day, Mode=Automation energy, Graph=Pie, Date=Past
.png>
Package pdftex.def Info: images/Chap - 4/Timespan=Day, Mode=Automation energy, 
Graph=Pie, Date=Past.png  used on input line 142.
(pdftex.def)             Requested size: 405.45047pt x 246.4602pt.
<images/Chap - 4/Timespan=Week, Mode=Person energy, Graph=Bar, Date=Past.png, i
d=654, 739.76375pt x 449.68pt>
File: images/Chap - 4/Timespan=Week, Mode=Person energy, Graph=Bar, Date=Past.p
ng Graphic file (type png)
<use images/Chap - 4/Timespan=Week, Mode=Person energy, Graph=Bar, Date=Past.pn
g>
Package pdftex.def Info: images/Chap - 4/Timespan=Week, Mode=Person energy, Gra
ph=Bar, Date=Past.png  used on input line 151.
(pdftex.def)             Requested size: 405.45047pt x 246.4602pt.
 [49 <./images/Chap - 4/Timespan=Day, Mode=Automation energy, Graph=Bar, Date=P
ast.png> <./images/Chap - 4/Timespan=Day, Mode=Automation energy, Graph=Pie, Da
te=Past.png>]
<images/Chap - 4/House configration_0.png, id=663, 1927.2pt x 1084.05pt>
File: images/Chap - 4/House configration_0.png Graphic file (type png)
<use images/Chap - 4/House configration_0.png>
Package pdftex.def Info: images/Chap - 4/House configration_0.png  used on inpu
t line 163.
(pdftex.def)             Requested size: 426.79135pt x 240.06316pt.
 [50 <./images/Chap - 4/Timespan=Week, Mode=Person energy, Graph=Bar, Date=Past
.png>]
<images/Chap - 4/House configration_2.png, id=672, 1927.2pt x 1084.05pt>
File: images/Chap - 4/House configration_2.png Graphic file (type png)
<use images/Chap - 4/House configration_2.png>
Package pdftex.def Info: images/Chap - 4/House configration_2.png  used on inpu
t line 172.
(pdftex.def)             Requested size: 426.79135pt x 240.06316pt.
<images/Chap - 4/House configration_4.png, id=674, 1927.2pt x 1084.05pt>
File: images/Chap - 4/House configration_4.png Graphic file (type png)
<use images/Chap - 4/House configration_4.png>
Package pdftex.def Info: images/Chap - 4/House configration_4.png  used on inpu
t line 181.
(pdftex.def)             Requested size: 426.79135pt x 240.06316pt.
 [51 <./images/Chap - 4/House configration_0.png> <./images/Chap - 4/House conf
igration_2.png>]
<images/Chap - 4/House configration_7.png, id=683, 1927.2pt x 1084.05pt>
File: images/Chap - 4/House configration_7.png Graphic file (type png)
<use images/Chap - 4/House configration_7.png>
Package pdftex.def Info: images/Chap - 4/House configration_7.png  used on inpu
t line 190.
(pdftex.def)             Requested size: 426.79135pt x 240.06316pt.
 [52 <./images/Chap - 4/House configration_4.png> <./images/Chap - 4/House conf
igration_7.png>]
<images/Chap - 4/House configration_8.png, id=693, 1927.2pt x 1084.05pt>
File: images/Chap - 4/House configration_8.png Graphic file (type png)
<use images/Chap - 4/House configration_8.png>
Package pdftex.def Info: images/Chap - 4/House configration_8.png  used on inpu
t line 199.
(pdftex.def)             Requested size: 426.79135pt x 240.06316pt.
<images/Chap - 4/House configration_final_1.png, id=696, 1927.2pt x 1084.05pt>
File: images/Chap - 4/House configration_final_1.png Graphic file (type png)
<use images/Chap - 4/House configration_final_1.png>
Package pdftex.def Info: images/Chap - 4/House configration_final_1.png  used o
n input line 208.
(pdftex.def)             Requested size: 426.79135pt x 240.06316pt.
<images/Chap - 4/House configration_final_2.png, id=697, 1927.2pt x 1084.05pt>
File: images/Chap - 4/House configration_final_2.png Graphic file (type png)
<use images/Chap - 4/House configration_final_2.png>
Package pdftex.def Info: images/Chap - 4/House configration_final_2.png  used o
n input line 215.
(pdftex.def)             Requested size: 426.79135pt x 240.06316pt.
 [53 <./images/Chap - 4/House configration_8.png> <./images/Chap - 4/House conf
igration_final_1.png>]
<images/Chap - 4/Profile.png, id=708, 1927.2pt x 1084.05pt>
File: images/Chap - 4/Profile.png Graphic file (type png)
<use images/Chap - 4/Profile.png>
Package pdftex.def Info: images/Chap - 4/Profile.png  used on input line 225.
(pdftex.def)             Requested size: 426.79135pt x 240.06316pt.
 [54 <./images/Chap - 4/House configration_final_2.png>]
<images/Chap - 4/Ecological footprint.png, id=716, 705.63625pt x 742.775pt>
File: images/Chap - 4/Ecological footprint.png Graphic file (type png)
<use images/Chap - 4/Ecological footprint.png>
Package pdftex.def Info: images/Chap - 4/Ecological footprint.png  used on inpu
t line 234.
(pdftex.def)             Requested size: 341.43437pt x 359.40674pt.
 [55 <./images/Chap - 4/Profile.png>]
<images/Chap - 4/Achievements popup.png, id=724, 567.78792pt x 651.43375pt>
File: images/Chap - 4/Achievements popup.png Graphic file (type png)
<use images/Chap - 4/Achievements popup.png>
Package pdftex.def Info: images/Chap - 4/Achievements popup.png  used on input 
line 243.
(pdftex.def)             Requested size: 213.39568pt x 244.83376pt.
 [56 <./images/Chap - 4/Ecological footprint.png>]
Overfull \hbox (6.3819pt too wide) in paragraph at lines 248--249
[]\T1/cmr/m/n/12 Per la ge-stio-ne ac-count so-no di-spo-ni-bi-li mo-da-li de-d
i-ca-te al cam-bio pas-sword (fig. []4.27[]),
 []

<images/Chap - 4/Change password popup.png, id=735, 629.35126pt x 670.505pt>
File: images/Chap - 4/Change password popup.png Graphic file (type png)
<use images/Chap - 4/Change password popup.png>
Package pdftex.def Info: images/Chap - 4/Change password popup.png  used on inp
ut line 252.
(pdftex.def)             Requested size: 277.41176pt x 295.54489pt.
[57 <./images/Chap - 4/Achievements popup.png>]
<images/Chap - 4/Profile image popup_1.png, id=744, 678.535pt x 700.6175pt>
File: images/Chap - 4/Profile image popup_1.png Graphic file (type png)
<use images/Chap - 4/Profile image popup_1.png>
Package pdftex.def Info: images/Chap - 4/Profile image popup_1.png  used on inp
ut line 259.
(pdftex.def)             Requested size: 277.41176pt x 286.43185pt.
<images/Chap - 4/Password reset.png, id=745, 1927.2pt x 1084.05pt>
File: images/Chap - 4/Password reset.png Graphic file (type png)
<use images/Chap - 4/Password reset.png>
Package pdftex.def Info: images/Chap - 4/Password reset.png  used on input line
 266.
(pdftex.def)             Requested size: 320.0935pt x 180.0515pt.
 [58 <./images/Chap - 4/Change password popup.png> <./images/Chap - 4/Profile i
mage popup_1.png>]
<images/Chap - 4/Step=Prediction, Mode=Cotton.png, id=754, 957.5775pt x 911.405
pt>
File: images/Chap - 4/Step=Prediction, Mode=Cotton.png Graphic file (type png)
<use images/Chap - 4/Step=Prediction, Mode=Cotton.png>
Package pdftex.def Info: images/Chap - 4/Step=Prediction, Mode=Cotton.png  used
 on input line 275.
(pdftex.def)             Requested size: 362.77525pt x 345.28056pt.
 [59 <./images/Chap - 4/Password reset.png>]
<images/Chap - 4/Step=Prediction, Mode=Expres.png, id=762, 957.5775pt x 911.405
pt>
File: images/Chap - 4/Step=Prediction, Mode=Expres.png Graphic file (type png)
<use images/Chap - 4/Step=Prediction, Mode=Expres.png>
Package pdftex.def Info: images/Chap - 4/Step=Prediction, Mode=Expres.png  used
 on input line 282.
(pdftex.def)             Requested size: 362.77525pt x 345.28056pt.
 [60 <./images/Chap - 4/Step=Prediction, Mode=Cotton.png>]
<images/Chap - 4/Color palette.png, id=769, 782.925pt x 1775.63374pt>
File: images/Chap - 4/Color palette.png Graphic file (type png)
<use images/Chap - 4/Color palette.png>
Package pdftex.def Info: images/Chap - 4/Color palette.png  used on input line 
291.
(pdftex.def)             Requested size: 213.39568pt x 483.95221pt.
 [61 <./images/Chap - 4/Step=Prediction, Mode=Expres.png>] [62 <./images/Chap -
 4/Color palette.png>]
<images/Chap - 4/GOLINO/figma - UI Golino.png, id=784, 1439.3775pt x 741.52031p
t>
File: images/Chap - 4/GOLINO/figma - UI Golino.png Graphic file (type png)
<use images/Chap - 4/GOLINO/figma - UI Golino.png>
Package pdftex.def Info: images/Chap - 4/GOLINO/figma - UI Golino.png  used on 
input line 308.
(pdftex.def)             Requested size: 426.79135pt x 219.86674pt.
<images/Chap - 4/GOLINO/figma -UI Golino 2.png, id=786, 1439.3775pt x 743.02594
pt>
File: images/Chap - 4/GOLINO/figma -UI Golino 2.png Graphic file (type png)
<use images/Chap - 4/GOLINO/figma -UI Golino 2.png>
Package pdftex.def Info: images/Chap - 4/GOLINO/figma -UI Golino 2.png  used on
 input line 317.
(pdftex.def)             Requested size: 426.79135pt x 220.31317pt.
 [63 <./images/Chap - 4/GOLINO/figma - UI Golino.png>] [64 <./images/Chap - 4/G
OLINO/figma -UI Golino 2.png>]) [65]
(0 - Intestazioni extra/Conclusioni.tex) [66


] [67

]
Overfull \hbox (1.28123pt too wide) in paragraph at lines 184--184
[]\T1/cmr/m/n/12 Anders Pe-ter Aa-vild, Alek-san-der Ro-sen-kran-tz de Las-son,
 Chri-stian Moe-sgaard,
 []

[68] [69] [70] (main.aux)
 ***********
LaTeX2e <2025-11-01>
L3 programming layer <2025-12-24>
 ***********
Package rerunfilecheck Info: File `main.out' has not changed.
(rerunfilecheck)             Checksum: C24E1C887D3220EBDD3631D3C3672BA4;7153.
Package logreq Info: Writing requests to 'main.run.xml'.
\openout1 = `main.run.xml'.

 ) 
Here is how much of TeX's memory you used:
 49834 strings out of 467871
 1149597 string characters out of 5414504
 2110458 words of memory out of 5000000
 77841 multiletter control sequences out of 15000+600000
 641563 words of font info for 67 fonts, out of 8000000 for 9000
 1141 hyphenation exceptions out of 8191
 99i,12n,118p,1258b,2739s stack positions out of 10000i,1000n,20000p,200000b,200000s
 <C:\Users\GiacomoGolino\AppData\Local\MiKTeX\fonts/pk/ljfour/jknappen/ec/dpi
600\eccc1200.pk> <C:\Users\GiacomoGolino\AppData\Local\MiKTeX\fonts/pk/ljfour/j
knappen/ec/dpi600\ectt1200.pk> <C:\Users\GiacomoGolino\AppData\Local\MiKTeX\fon
ts/pk/ljfour/jknappen/ec/dpi600\tcrm1200.pk> <C:\Users\GiacomoGolino\AppData\Lo
cal\MiKTeX\fonts/pk/ljfour/jknappen/ec/dpi600\ecbi1200.pk> <C:\Users\GiacomoGol
ino\AppData\Local\MiKTeX\fonts/pk/ljfour/jknappen/ec/dpi600\ecti1200.pk> <C:\Us
ers\GiacomoGolino\AppData\Local\MiKTeX\fonts/pk/ljfour/jknappen/ec/dpi600\ecbx1
728.pk> <C:\Users\GiacomoGolino\AppData\Local\MiKTeX\fonts/pk/ljfour/jknappen/e
c/dpi600\ecrm1200.pk> <C:\Users\GiacomoGolino\AppData\Local\MiKTeX\fonts/pk/ljf
our/jknappen/ec/dpi600\ecbx1200.pk> <C:\Users\GiacomoGolino\AppData\Local\MiKTe
X\fonts/pk/ljfour/jknappen/ec/dpi600\ecbx2488.pk> <C:\Users\GiacomoGolino\AppDa
ta\Local\MiKTeX\fonts/pk/ljfour/jknappen/ec/dpi600\ecrm1728.pk> <C:\Users\Giaco
moGolino\AppData\Local\MiKTeX\fonts/pk/ljfour/jknappen/ec/dpi600\ecrm1440.pk> <
C:\Users\GiacomoGolino\AppData\Local\MiKTeX\fonts/pk/ljfour/jknappen/ec/dpi600\
ecbx1440.pk> <C:\Users\GiacomoGolino\AppData\Local\MiKTeX\fonts/pk/ljfour/jknap
pen/ec/dpi600\ecbx2074.pk> <C:\Users\GiacomoGolino\AppData\Local\MiKTeX\fonts/p
k/ljfour/jknappen/ec/dpi600\ecrm2074.pk><C:/Users/GiacomoGolino/AppData/Local/P
rograms/MiKTeX/fonts/type1/public/amsfonts/cm/cmr12.pfb><C:/Users/GiacomoGolino
/AppData/Local/Programs/MiKTeX/fonts/type1/public/amsfonts/cm/cmsy10.pfb>
Output written on main.pdf (75 pages, 8930941 bytes).
PDF statistics:
 1488 PDF objects out of 1728 (max. 8388607)
 196 named destinations out of 1000 (max. 500000)
 565 words of extra memory for PDF output out of 10000 (max. 10000000)

